System Information
------------------

Raspberry Pi 5 Model B Rev 1.0
PRETTY_NAME="Debian GNU/Linux 12 (bookworm)"
NAME="Debian GNU/Linux"
VERSION_ID="12"
VERSION="12 (bookworm)"

Raspberry Pi reference 2024-10-22
Generated using pi-gen, https://github.com/RPi-Distro/pi-gen, ecda2579ebbc125b321984c571e3128f6fd959d4, stage4

Linux rpi5 6.12.47+rpt-rpi-2712 #1 SMP PREEMPT Debian 1:6.12.47-1+rpt1~bookworm (2025-09-16) aarch64 GNU/Linux
Revision	: c04170
Serial		: 40fe747c0e4c5969
Model		: Raspberry Pi 5 Model B Rev 1.0
Throttled flag  : throttled=0xe0008
Camera          : vc_gencmd_read_response returned -1 error=1 error_msg="Command not registered"

Videocore information
---------------------

2025/05/08 15:13:17 
Copyright (c) 2012 Broadcom
version 69471177 (release) (embedded)

vc_gencmd_read_response returned -1
error=1 error_msg="Command not registered"

Filesystem information
----------------------
Filesystem            1K-blocks      Used Available Use% Mounted on
udev                    2027056         0   2027056   0% /dev
tmpfs                    828608      6688    821920   1% /run
/dev/mmcblk0p2         29437204  20935388   6986304  75% /
tmpfs                   2071488      2448   2069040   1% /dev/shm
tmpfs                      5120        48      5072   1% /run/lock
/dev/mmcblk0p1           522230     79482    442748  16% /boot/firmware
tmpfs                    414288       224    414064   1% /run/user/1000
/dev/sda1             960301296 276616424 634830488  31% /mnt/wolk_3
stuur@192.168.1.100:/  30074436  11926804  16856500  42% /mnt/stuur
rik@192.168.1.105:/    14552768   6791820   7111584  49% /mnt/machinekamer

Filename				Type		Size		Used		Priority
/var/swap                               file		204784		204592		-2

Package version information
---------------------------
raspberrypi-ui-mods:
  Installed: 1.20250506
raspberrypi-sys-mods:
  Installed: 20250930~bookworm
openbox:
  Installed: 3.6.1-10+rpt1
lxpanel:
  Installed: 0.10.1-2+rpt22
pcmanfm:
  Installed: 1.3.2-1+rpt30
rpd-plym-splash:
  Installed: 0.43

Networking Information
----------------------

eth0: flags=4163<UP,BROADCAST,RUNNING,MULTICAST>  mtu 1500
        inet x.x.x.x  netmask x.x.x.x  broadcast x.x.x.x
        inet6 y::y.y.y.y  prefixlen 64  scopeid 0x20<link>
        ether m.m.m.m  txqueuelen 1000  (Ethernet)
        RX packets 47214467  bytes 59371839900 (55.2 GiB)
        RX errors 0  dropped 47  overruns 0  frame 0
        TX packets 28342214  bytes 3153137619 (2.9 GiB)
        TX errors 0  dropped 0 overruns 0  carrier 0  collisions 0
        device interrupt 106  

lo: flags=73<UP,LOOPBACK,RUNNING>  mtu 65536
        inet x.x.x.x  netmask x.x.x.x
        inet6 ::1  prefixlen 128  scopeid 0x10<host>
        loop  txqueuelen 1000  (Local Loopback)
        RX packets 70927  bytes 53218123 (50.7 MiB)
        RX errors 0  dropped 0  overruns 0  frame 0
        TX packets 70927  bytes 53218123 (50.7 MiB)
        TX errors 0  dropped 0 overruns 0  carrier 0  collisions 0

wlan0: flags=4163<UP,BROADCAST,RUNNING,MULTICAST>  mtu 1500
        inet x.x.x.x  netmask x.x.x.x  broadcast x.x.x.x
        inet6 y::y.y.y.y  prefixlen 64  scopeid 0x20<link>
        ether m.m.m.m  txqueuelen 1000  (Ethernet)
        RX packets 21247  bytes 3114217 (2.9 MiB)
        RX errors 0  dropped 7  overruns 0  frame 0
        TX packets 20306  bytes 4224510 (4.0 MiB)
        TX errors 0  dropped 0 overruns 0  carrier 0  collisions 0


USB Information
---------------

/:  Bus 04.Port 1: Dev 1, Class=root_hub, Driver=xhci-hcd/1p, 5000M
/:  Bus 03.Port 1: Dev 1, Class=root_hub, Driver=xhci-hcd/2p, 480M
    |__ Port 2: Dev 2, If 0, Class=Human Interface Device, Driver=usbhid, 12M
    |__ Port 2: Dev 2, If 1, Class=Human Interface Device, Driver=usbhid, 12M
/:  Bus 02.Port 1: Dev 1, Class=root_hub, Driver=xhci-hcd/1p, 5000M
    |__ Port 1: Dev 2, If 0, Class=Mass Storage, Driver=uas, 5000M
/:  Bus 01.Port 1: Dev 1, Class=root_hub, Driver=xhci-hcd/2p, 480M
    |__ Port 2: Dev 2, If 0, Class=Human Interface Device, Driver=usbhid, 12M
    |__ Port 2: Dev 2, If 1, Class=Human Interface Device, Driver=usbhid, 12M

Display Information
-------------------

Running (F)KMS and X

Screen 0: minimum 16 x 16, current 1366 x 768, maximum 32767 x 32767
XWAYLAND52 connected 1366x768+0+0 (0x23) normal (normal left inverted right x axis y axis) 0mm x 0mm
	Identifier: 0x281
	Timestamp:  49082
	Subpixel:   unknown
	Gamma:      1.0:1.0:1.0
	Brightness: 0.0
	Clones:    
	CRTC:       0
	CRTCs:      0
	Transform:  1.000000 0.000000 0.000000
	            0.000000 1.000000 0.000000
	            0.000000 0.000000 1.000000
	           filter: 
	RANDR Emulation: 1 
	non-desktop: 0 
		supported: 0, 1
  1366x768 (0x23) 84.750MHz -HSync +VSync *current +preferred
        h: width  1366 start 1431 end 1567 total 1776 skew    0 clock  47.72KHz
        v: height  768 start  771 end  781 total  798           clock  59.80Hz
  1024x768 (0x24) 63.250MHz -HSync +VSync
        h: width  1024 start 1072 end 1176 total 1328 skew    0 clock  47.63KHz
        v: height  768 start  771 end  775 total  798           clock  59.68Hz
  800x600 (0x25) 38.250MHz -HSync +VSync
        h: width   800 start  832 end  912 total 1024 skew    0 clock  37.35KHz
        v: height  600 start  603 end  607 total  624           clock  59.86Hz
  640x480 (0x26) 23.750MHz -HSync +VSync
        h: width   640 start  664 end  720 total  800 skew    0 clock  29.69KHz
        v: height  480 start  483 end  487 total  500           clock  59.38Hz
  320x240 (0x27)  6.000MHz -HSync +VSync
        h: width   320 start  336 end  360 total  400 skew    0 clock  15.00KHz
        v: height  240 start  243 end  247 total  252           clock  59.52Hz
  720x480 (0x28) 26.750MHz -HSync +VSync
        h: width   720 start  744 end  808 total  896 skew    0 clock  29.85KHz
        v: height  480 start  483 end  493 total  500           clock  59.71Hz
  640x400 (0x29) 19.750MHz -HSync +VSync
        h: width   640 start  664 end  720 total  800 skew    0 clock  24.69KHz
        v: height  400 start  403 end  409 total  417           clock  59.20Hz
  320x200 (0x2a)  5.000MHz -HSync +VSync
        h: width   320 start  336 end  360 total  400 skew    0 clock  12.50KHz
        v: height  200 start  203 end  209 total  212           clock  58.96Hz
  1280x720 (0x2b) 74.500MHz -HSync +VSync
        h: width  1280 start 1344 end 1472 total 1664 skew    0 clock  44.77KHz
        v: height  720 start  723 end  728 total  748           clock  59.86Hz
  1024x576 (0x2c) 46.500MHz -HSync +VSync
        h: width  1024 start 1064 end 1160 total 1296 skew    0 clock  35.88KHz
        v: height  576 start  579 end  584 total  599           clock  59.90Hz
  864x486 (0x2d) 32.500MHz -HSync +VSync
        h: width   864 start  888 end  968 total 1072 skew    0 clock  30.32KHz
        v: height  486 start  489 end  494 total  506           clock  59.92Hz
  720x400 (0x2e) 22.250MHz -HSync +VSync
        h: width   720 start  744 end  808 total  896 skew    0 clock  24.83KHz
        v: height  400 start  403 end  413 total  417           clock  59.55Hz
  640x350 (0x2f) 17.500MHz -HSync +VSync
        h: width   640 start  664 end  720 total  800 skew    0 clock  21.88KHz
        v: height  350 start  353 end  363 total  366           clock  59.77Hz

Connector 0 (33) HDMI-A-1 (connected)
  Encoder 0 (32) TMDS
    Crtc 2 (92) 1366x768@59.96 85.750 1366/70/143/213/+ 768/3/3/24/+ 60 (59.96) P|D 
      Plane 2 (81) fb-id: 679 (crtcs: 2) 0,0 1366x768 -> 0,0 1366x768 (XR24 AR24 AB24 XB24 RG16 BG16 AR15 XR15 RG24 BG24 YU16 YV16 YU24 YV24 YU12 YV12 NV12 NV21 NV16 NV61 P030 XR30 AR30 AB30 XB30 RGB8 BGR8 XR12 AR12 XB12 AB12 BX12 BA12 RX12 RA12 P010 P012 P016 S010 S012 S016)
        FB 679 1366x768 XR24
      Plane 54 (655) fb-id: 680 (crtcs: 2) 0,0 64x64 -> 1362,349 64x64 (XR24 AR24 AB24 XB24 RG16 BG16 AR15 XR15 RG24 BG24 YU16 YV16 YU24 YV24 YU12 YV12 NV12 NV21 NV16 NV61 P030 XR30 AR30 AB30 XB30 RGB8 BGR8 XR12 AR12 XB12 AB12 BX12 BA12 RX12 RA12 P010 P012 P016 S010 S012 S016)
        FB 680 64x64 AR24
Connector 1 (42) HDMI-A-2 (disconnected)
  Encoder 1 (41) TMDS

Connector 0 (33) HDMI-A-1 (connected)
   0 1366x768@59.96    85.750 1366/70/143/213/+  768/3/3/24/+       60 (59.96) P|D   
   1 1920x1080@60.00  148.500 1920/88/44/148/+   1080/4/5/36/+      60 (60.00) D     16:9
   2 1920x1080@59.94  148.352 1920/88/44/148/+   1080/4/5/36/+      60 (59.94) D     16:9
   3 1920x1080i@60.00  74.250 1920/88/44/148/+   1080/4/10/31/+     60 (60.00) D     16:9
   4 1920x1080i@59.94  74.176 1920/88/44/148/+   1080/4/10/31/+     60 (59.94) D     16:9
   5 1920x1080@50.00  148.500 1920/528/44/148/+  1080/4/5/36/+      50 (50.00) D     16:9
   6 1920x1080i@50.00  74.250 1920/528/44/148/+  1080/4/10/31/+     50 (50.00) D     
   7 1920x1080i@50.00  74.250 1920/528/44/148/+  1080/4/10/31/+     50 (50.00) D     16:9
   8 1920x1080@24.00   74.250 1920/638/44/148/+  1080/4/5/36/+      24 (24.00) D     16:9
   9 1920x1080@23.98   74.176 1920/638/44/148/+  1080/4/5/36/+      24 (23.98) D     16:9
  10 1280x768@59.99    68.250 1280/48/32/80/+    768/3/7/12/-       60 (59.99) D     
  11 1280x720@60.00    74.250 1280/110/40/220/+  720/5/5/20/+       60 (60.00) D     
  12 1280x720@60.00    74.250 1280/110/40/220/+  720/5/5/20/+       60 (60.00) D     16:9
  13 1280x720@59.94    74.176 1280/110/40/220/+  720/5/5/20/+       60 (59.94) D     16:9
  14 1280x720@50.00    74.250 1280/440/40/220/+  720/5/5/20/+       50 (50.00) D     
  15 1280x720@50.00    74.250 1280/440/40/220/+  720/5/5/20/+       50 (50.00) D     16:9
  16 1024x768@60.00    65.000 1024/24/136/160/-  768/3/6/29/-       60 (60.00) D     
  17 800x600@60.32     40.000 800/40/128/88/+    600/1/4/23/+       60 (60.32) D     
  18 800x600@56.25     36.000 800/24/72/128/+    600/1/2/22/+       56 (56.25) D     
  19 720x576@50.00     27.000 720/12/64/68/-     576/5/5/39/-       50 (50.00) D     
  20 720x576@50.00     27.000 720/12/64/68/-     576/5/5/39/-       50 (50.00) D     16:9
  21 720x576@50.00     27.000 720/12/64/68/-     576/5/5/39/-       50 (50.00) D     4:3
  22 720x576i@50.00    13.500 720/12/63/69/-     576/4/6/39/-       50 (50.00) D     2x|16:9
  23 720x576i@50.00    13.500 720/12/63/69/-     576/4/6/39/-       50 (50.00) D     2x|4:3
  24 720x480@60.00     27.027 720/16/62/60/-     480/9/6/30/-       60 (60.00) D     4:3
  25 720x480@60.00     27.027 720/16/62/60/-     480/9/6/30/-       60 (60.00) D     16:9
  26 720x480@59.94     27.000 720/16/62/60/-     480/9/6/30/-       60 (59.94) D     
  27 720x480@59.94     27.000 720/16/62/60/-     480/9/6/30/-       60 (59.94) D     16:9
  28 720x480@59.94     27.000 720/16/62/60/-     480/9/6/30/-       60 (59.94) D     4:3
  29 720x480i@60.00    13.514 720/19/62/57/-     480/8/6/31/-       60 (60.00) D     2x|16:9
  30 720x480i@60.00    13.514 720/19/62/57/-     480/8/6/31/-       60 (60.00) D     2x|4:3
  31 720x480i@59.94    13.500 720/19/62/57/-     480/8/6/31/-       60 (59.94) D     2x|16:9
  32 720x480i@59.94    13.500 720/19/62/57/-     480/8/6/31/-       60 (59.94) D     2x|4:3
  33 640x480@60.00     25.200 640/16/96/48/-     480/10/2/33/-      60 (60.00) D     4:3
  34 640x480@59.94     25.175 640/16/96/48/-     480/10/2/33/-      60 (59.94) D     
  35 640x480@59.94     25.175 640/16/96/48/-     480/10/2/33/-      60 (59.94) D     4:3
  36 720x400@70.08     28.320 720/18/108/54/-    400/12/2/35/+      70 (70.08) D     

HDMI0:             HDMI_HOTPLUG = 0x00000001
HDMI1:             HDMI_HOTPLUG = 0x00000000

/sys/kernel/debug/dri/1/state:
plane[46]: plane-0
	crtc=(null)
	fb=0
	crtc-pos=0x0+0+0
	src-pos=0.000000x0.000000+0.000000+0.000000
	rotation=1
	normalized-zpos=0
	color-encoding=ITU-R BT.709 YCbCr
	color-range=YCbCr limited range
	color_mgmt_changed=0
plane[65]: plane-1
	crtc=(null)
	fb=0
	crtc-pos=0x0+0+0
	src-pos=0.000000x0.000000+0.000000+0.000000
	rotation=1
	normalized-zpos=0
	color-encoding=ITU-R BT.709 YCbCr
	color-range=YCbCr limited range
	color_mgmt_changed=0
plane[81]: plane-2
	crtc=crtc-2
	fb=682
		allocated by = labwc
		refcount=2
		format=XR24 little-endian (0x34325258)
		modifier=0x0
		size=1366x768
		layers:
			size[0]=1366x768
			pitch[0]=5464
			offset[0]=0
			obj[0]:
				name=0
				refcount=3
				start=00040182
				size=4210688
				imported=no
				dma_addr=0x0000000a7e800000
				vaddr=00000000ee7636c4
	crtc-pos=1366x768+0+0
	src-pos=1366.000000x768.000000+0.000000+0.000000
	rotation=1
	normalized-zpos=0
	color-encoding=ITU-R BT.601 YCbCr
	color-range=YCbCr limited range
	color_mgmt_changed=0
plane[93]: plane-3
	crtc=(null)
	fb=0
	crtc-pos=0x0+0+0
	src-pos=0.000000x0.000000+0.000000+0.000000
	rotation=1
	normalized-zpos=0
	color-encoding=ITU-R BT.709 YCbCr
	color-range=YCbCr limited range
	color_mgmt_changed=0
plane[105]: plane-4
	crtc=(null)
	fb=0
	crtc-pos=0x0+0+0
	src-pos=0.000000x0.000000+0.000000+0.000000
	rotation=1
	normalized-zpos=1
	color-encoding=ITU-R BT.709 YCbCr
	color-range=YCbCr limited range
	color_mgmt_changed=0
plane[116]: plane-5
	crtc=(null)
	fb=0
	crtc-pos=0x0+0+0
	src-pos=0.000000x0.000000+0.000000+0.000000
	rotation=1
	normalized-zpos=2
	color-encoding=ITU-R BT.709 YCbCr
	color-range=YCbCr limited range
	color_mgmt_changed=0
plane[127]: plane-6
	crtc=(null)
	fb=0
	crtc-pos=0x0+0+0
	src-pos=0.000000x0.000000+0.000000+0.000000
	rotation=1
	normalized-zpos=3
	color-encoding=ITU-R BT.709 YCbCr
	color-range=YCbCr limited range
	color_mgmt_changed=0
plane[138]: plane-7
	crtc=(null)
	fb=0
	crtc-pos=0x0+0+0
	src-pos=0.000000x0.000000+0.000000+0.000000
	rotation=1
	normalized-zpos=4
	color-encoding=ITU-R BT.709 YCbCr
	color-range=YCbCr limited range
	color_mgmt_changed=0
plane[149]: plane-8
	crtc=(null)
	fb=0
	crtc-pos=0x0+0+0
	src-pos=0.000000x0.000000+0.000000+0.000000
	rotation=1
	normalized-zpos=5
	color-encoding=ITU-R BT.709 YCbCr
	color-range=YCbCr limited range
	color_mgmt_changed=0
plane[160]: plane-9
	crtc=(null)
	fb=0
	crtc-pos=0x0+0+0
	src-pos=0.000000x0.000000+0.000000+0.000000
	rotation=1
	normalized-zpos=6
	color-encoding=ITU-R BT.709 YCbCr
	color-range=YCbCr limited range
	color_mgmt_changed=0
plane[171]: plane-10
	crtc=(null)
	fb=0
	crtc-pos=0x0+0+0
	src-pos=0.000000x0.000000+0.000000+0.000000
	rotation=1
	normalized-zpos=7
	color-encoding=ITU-R BT.709 YCbCr
	color-range=YCbCr limited range
	color_mgmt_changed=0
plane[182]: plane-11
	crtc=(null)
	fb=0
	crtc-pos=0x0+0+0
	src-pos=0.000000x0.000000+0.000000+0.000000
	rotation=1
	normalized-zpos=8
	color-encoding=ITU-R BT.709 YCbCr
	color-range=YCbCr limited range
	color_mgmt_changed=0
plane[193]: plane-12
	crtc=(null)
	fb=0
	crtc-pos=0x0+0+0
	src-pos=0.000000x0.000000+0.000000+0.000000
	rotation=1
	normalized-zpos=9
	color-encoding=ITU-R BT.709 YCbCr
	color-range=YCbCr limited range
	color_mgmt_changed=0
plane[204]: plane-13
	crtc=(null)
	fb=0
	crtc-pos=0x0+0+0
	src-pos=0.000000x0.000000+0.000000+0.000000
	rotation=1
	normalized-zpos=a
	color-encoding=ITU-R BT.709 YCbCr
	color-range=YCbCr limited range
	color_mgmt_changed=0
plane[215]: plane-14
	crtc=(null)
	fb=0
	crtc-pos=0x0+0+0
	src-pos=0.000000x0.000000+0.000000+0.000000
	rotation=1
	normalized-zpos=b
	color-encoding=ITU-R BT.709 YCbCr
	color-range=YCbCr limited range
	color_mgmt_changed=0
plane[226]: plane-15
	crtc=(null)
	fb=0
	crtc-pos=0x0+0+0
	src-pos=0.000000x0.000000+0.000000+0.000000
	rotation=1
	normalized-zpos=c
	color-encoding=ITU-R BT.709 YCbCr
	color-range=YCbCr limited range
	color_mgmt_changed=0
plane[237]: plane-16
	crtc=(null)
	fb=0
	crtc-pos=0x0+0+0
	src-pos=0.000000x0.000000+0.000000+0.000000
	rotation=1
	normalized-zpos=d
	color-encoding=ITU-R BT.709 YCbCr
	color-range=YCbCr limited range
	color_mgmt_changed=0
plane[248]: plane-17
	crtc=(null)
	fb=0
	crtc-pos=0x0+0+0
	src-pos=0.000000x0.000000+0.000000+0.000000
	rotation=1
	normalized-zpos=e
	color-encoding=ITU-R BT.709 YCbCr
	color-range=YCbCr limited range
	color_mgmt_changed=0
plane[259]: plane-18
	crtc=(null)
	fb=0
	crtc-pos=0x0+0+0
	src-pos=0.000000x0.000000+0.000000+0.000000
	rotation=1
	normalized-zpos=f
	color-encoding=ITU-R BT.709 YCbCr
	color-range=YCbCr limited range
	color_mgmt_changed=0
plane[270]: plane-19
	crtc=(null)
	fb=0
	crtc-pos=0x0+0+0
	src-pos=0.000000x0.000000+0.000000+0.000000
	rotation=1
	normalized-zpos=10
	color-encoding=ITU-R BT.709 YCbCr
	color-range=YCbCr limited range
	color_mgmt_changed=0
plane[281]: plane-20
	crtc=(null)
	fb=0
	crtc-pos=0x0+0+0
	src-pos=0.000000x0.000000+0.000000+0.000000
	rotation=1
	normalized-zpos=1
	color-encoding=ITU-R BT.709 YCbCr
	color-range=YCbCr limited range
	color_mgmt_changed=0
plane[292]: plane-21
	crtc=(null)
	fb=0
	crtc-pos=0x0+0+0
	src-pos=0.000000x0.000000+0.000000+0.000000
	rotation=1
	normalized-zpos=2
	color-encoding=ITU-R BT.709 YCbCr
	color-range=YCbCr limited range
	color_mgmt_changed=0
plane[303]: plane-22
	crtc=(null)
	fb=0
	crtc-pos=0x0+0+0
	src-pos=0.000000x0.000000+0.000000+0.000000
	rotation=1
	normalized-zpos=3
	color-encoding=ITU-R BT.709 YCbCr
	color-range=YCbCr limited range
	color_mgmt_changed=0
plane[314]: plane-23
	crtc=(null)
	fb=0
	crtc-pos=0x0+0+0
	src-pos=0.000000x0.000000+0.000000+0.000000
	rotation=1
	normalized-zpos=4
	color-encoding=ITU-R BT.709 YCbCr
	color-range=YCbCr limited range
	color_mgmt_changed=0
plane[325]: plane-24
	crtc=(null)
	fb=0
	crtc-pos=0x0+0+0
	src-pos=0.000000x0.000000+0.000000+0.000000
	rotation=1
	normalized-zpos=5
	color-encoding=ITU-R BT.709 YCbCr
	color-range=YCbCr limited range
	color_mgmt_changed=0
plane[336]: plane-25
	crtc=(null)
	fb=0
	crtc-pos=0x0+0+0
	src-pos=0.000000x0.000000+0.000000+0.000000
	rotation=1
	normalized-zpos=6
	color-encoding=ITU-R BT.709 YCbCr
	color-range=YCbCr limited range
	color_mgmt_changed=0
plane[347]: plane-26
	crtc=(null)
	fb=0
	crtc-pos=0x0+0+0
	src-pos=0.000000x0.000000+0.000000+0.000000
	rotation=1
	normalized-zpos=7
	color-encoding=ITU-R BT.709 YCbCr
	color-range=YCbCr limited range
	color_mgmt_changed=0
plane[358]: plane-27
	crtc=(null)
	fb=0
	crtc-pos=0x0+0+0
	src-pos=0.000000x0.000000+0.000000+0.000000
	rotation=1
	normalized-zpos=8
	color-encoding=ITU-R BT.709 YCbCr
	color-range=YCbCr limited range
	color_mgmt_changed=0
plane[369]: plane-28
	crtc=(null)
	fb=0
	crtc-pos=0x0+0+0
	src-pos=0.000000x0.000000+0.000000+0.000000
	rotation=1
	normalized-zpos=9
	color-encoding=ITU-R BT.709 YCbCr
	color-range=YCbCr limited range
	color_mgmt_changed=0
plane[380]: plane-29
	crtc=(null)
	fb=0
	crtc-pos=0x0+0+0
	src-pos=0.000000x0.000000+0.000000+0.000000
	rotation=1
	normalized-zpos=a
	color-encoding=ITU-R BT.709 YCbCr
	color-range=YCbCr limited range
	color_mgmt_changed=0
plane[391]: plane-30
	crtc=(null)
	fb=0
	crtc-pos=0x0+0+0
	src-pos=0.000000x0.000000+0.000000+0.000000
	rotation=1
	normalized-zpos=b
	color-encoding=ITU-R BT.709 YCbCr
	color-range=YCbCr limited range
	color_mgmt_changed=0
plane[402]: plane-31
	crtc=(null)
	fb=0
	crtc-pos=0x0+0+0
	src-pos=0.000000x0.000000+0.000000+0.000000
	rotation=1
	normalized-zpos=c
	color-encoding=ITU-R BT.709 YCbCr
	color-range=YCbCr limited range
	color_mgmt_changed=0
plane[413]: plane-32
	crtc=(null)
	fb=0
	crtc-pos=0x0+0+0
	src-pos=0.000000x0.000000+0.000000+0.000000
	rotation=1
	normalized-zpos=d
	color-encoding=ITU-R BT.709 YCbCr
	color-range=YCbCr limited range
	color_mgmt_changed=0
plane[424]: plane-33
	crtc=(null)
	fb=0
	crtc-pos=0x0+0+0
	src-pos=0.000000x0.000000+0.000000+0.000000
	rotation=1
	normalized-zpos=e
	color-encoding=ITU-R BT.709 YCbCr
	color-range=YCbCr limited range
	color_mgmt_changed=0
plane[435]: plane-34
	crtc=(null)
	fb=0
	crtc-pos=0x0+0+0
	src-pos=0.000000x0.000000+0.000000+0.000000
	rotation=1
	normalized-zpos=f
	color-encoding=ITU-R BT.709 YCbCr
	color-range=YCbCr limited range
	color_mgmt_changed=0
plane[446]: plane-35
	crtc=(null)
	fb=0
	crtc-pos=0x0+0+0
	src-pos=0.000000x0.000000+0.000000+0.000000
	rotation=1
	normalized-zpos=10
	color-encoding=ITU-R BT.709 YCbCr
	color-range=YCbCr limited range
	color_mgmt_changed=0
plane[457]: plane-36
	crtc=(null)
	fb=0
	crtc-pos=0x0+0+0
	src-pos=0.000000x0.000000+0.000000+0.000000
	rotation=1
	normalized-zpos=11
	color-encoding=ITU-R BT.709 YCbCr
	color-range=YCbCr limited range
	color_mgmt_changed=0
plane[468]: plane-37
	crtc=(null)
	fb=0
	crtc-pos=0x0+0+0
	src-pos=0.000000x0.000000+0.000000+0.000000
	rotation=1
	normalized-zpos=12
	color-encoding=ITU-R BT.709 YCbCr
	color-range=YCbCr limited range
	color_mgmt_changed=0
plane[479]: plane-38
	crtc=(null)
	fb=0
	crtc-pos=0x0+0+0
	src-pos=0.000000x0.000000+0.000000+0.000000
	rotation=1
	normalized-zpos=13
	color-encoding=ITU-R BT.709 YCbCr
	color-range=YCbCr limited range
	color_mgmt_changed=0
plane[490]: plane-39
	crtc=(null)
	fb=0
	crtc-pos=0x0+0+0
	src-pos=0.000000x0.000000+0.000000+0.000000
	rotation=1
	normalized-zpos=14
	color-encoding=ITU-R BT.709 YCbCr
	color-range=YCbCr limited range
	color_mgmt_changed=0
plane[501]: plane-40
	crtc=(null)
	fb=0
	crtc-pos=0x0+0+0
	src-pos=0.000000x0.000000+0.000000+0.000000
	rotation=1
	normalized-zpos=15
	color-encoding=ITU-R BT.709 YCbCr
	color-range=YCbCr limited range
	color_mgmt_changed=0
plane[512]: plane-41
	crtc=(null)
	fb=0
	crtc-pos=0x0+0+0
	src-pos=0.000000x0.000000+0.000000+0.000000
	rotation=1
	normalized-zpos=16
	color-encoding=ITU-R BT.709 YCbCr
	color-range=YCbCr limited range
	color_mgmt_changed=0
plane[523]: plane-42
	crtc=(null)
	fb=0
	crtc-pos=0x0+0+0
	src-pos=0.000000x0.000000+0.000000+0.000000
	rotation=1
	normalized-zpos=17
	color-encoding=ITU-R BT.709 YCbCr
	color-range=YCbCr limited range
	color_mgmt_changed=0
plane[534]: plane-43
	crtc=(null)
	fb=0
	crtc-pos=0x0+0+0
	src-pos=0.000000x0.000000+0.000000+0.000000
	rotation=1
	normalized-zpos=18
	color-encoding=ITU-R BT.709 YCbCr
	color-range=YCbCr limited range
	color_mgmt_changed=0
plane[545]: plane-44
	crtc=(null)
	fb=0
	crtc-pos=0x0+0+0
	src-pos=0.000000x0.000000+0.000000+0.000000
	rotation=1
	normalized-zpos=19
	color-encoding=ITU-R BT.709 YCbCr
	color-range=YCbCr limited range
	color_mgmt_changed=0
plane[556]: plane-45
	crtc=(null)
	fb=0
	crtc-pos=0x0+0+0
	src-pos=0.000000x0.000000+0.000000+0.000000
	rotation=1
	normalized-zpos=1a
	color-encoding=ITU-R BT.709 YCbCr
	color-range=YCbCr limited range
	color_mgmt_changed=0
plane[567]: plane-46
	crtc=(null)
	fb=0
	crtc-pos=0x0+0+0
	src-pos=0.000000x0.000000+0.000000+0.000000
	rotation=1
	normalized-zpos=1b
	color-encoding=ITU-R BT.709 YCbCr
	color-range=YCbCr limited range
	color_mgmt_changed=0
plane[578]: plane-47
	crtc=(null)
	fb=0
	crtc-pos=0x0+0+0
	src-pos=0.000000x0.000000+0.000000+0.000000
	rotation=1
	normalized-zpos=1c
	color-encoding=ITU-R BT.709 YCbCr
	color-range=YCbCr limited range
	color_mgmt_changed=0
plane[589]: plane-48
	crtc=(null)
	fb=0
	crtc-pos=0x0+0+0
	src-pos=0.000000x0.000000+0.000000+0.000000
	rotation=1
	normalized-zpos=1d
	color-encoding=ITU-R BT.709 YCbCr
	color-range=YCbCr limited range
	color_mgmt_changed=0
plane[600]: plane-49
	crtc=(null)
	fb=0
	crtc-pos=0x0+0+0
	src-pos=0.000000x0.000000+0.000000+0.000000
	rotation=1
	normalized-zpos=1e
	color-encoding=ITU-R BT.709 YCbCr
	color-range=YCbCr limited range
	color_mgmt_changed=0
plane[611]: plane-50
	crtc=(null)
	fb=0
	crtc-pos=0x0+0+0
	src-pos=0.000000x0.000000+0.000000+0.000000
	rotation=1
	normalized-zpos=1f
	color-encoding=ITU-R BT.709 YCbCr
	color-range=YCbCr limited range
	color_mgmt_changed=0
plane[622]: plane-51
	crtc=(null)
	fb=0
	crtc-pos=0x0+0+0
	src-pos=0.000000x0.000000+0.000000+0.000000
	rotation=1
	normalized-zpos=20
	color-encoding=ITU-R BT.709 YCbCr
	color-range=YCbCr limited range
	color_mgmt_changed=0
plane[633]: plane-52
	crtc=(null)
	fb=0
	crtc-pos=0x0+0+0
	src-pos=0.000000x0.000000+0.000000+0.000000
	rotation=1
	normalized-zpos=11
	color-encoding=ITU-R BT.709 YCbCr
	color-range=YCbCr limited range
	color_mgmt_changed=0
plane[644]: plane-53
	crtc=(null)
	fb=0
	crtc-pos=0x0+0+0
	src-pos=0.000000x0.000000+0.000000+0.000000
	rotation=1
	normalized-zpos=11
	color-encoding=ITU-R BT.709 YCbCr
	color-range=YCbCr limited range
	color_mgmt_changed=0
plane[655]: plane-54
	crtc=crtc-2
	fb=680
		allocated by = labwc
		refcount=3
		format=AR24 little-endian (0x34325241)
		modifier=0x0
		size=64x64
		layers:
			size[0]=64x64
			pitch[0]=256
			offset[0]=0
			obj[0]:
				name=0
				refcount=3
				start=00040283
				size=16384
				imported=no
				dma_addr=0x0000000a7c5fc000
				vaddr=00000000952be20e
	crtc-pos=64x64+1359+349
	src-pos=64.000000x64.000000+0.000000+0.000000
	rotation=1
	normalized-zpos=1
	color-encoding=ITU-R BT.709 YCbCr
	color-range=YCbCr limited range
	color_mgmt_changed=0
plane[666]: plane-55
	crtc=(null)
	fb=0
	crtc-pos=0x0+0+0
	src-pos=0.000000x0.000000+0.000000+0.000000
	rotation=1
	normalized-zpos=11
	color-encoding=ITU-R BT.709 YCbCr
	color-range=YCbCr limited range
	color_mgmt_changed=0
crtc[57]: mop
	enable=0
	active=0
	self_refresh_active=0
	planes_changed=0
	mode_changed=0
	active_changed=0
	connectors_changed=0
	color_mgmt_changed=0
	plane_mask=0
	connector_mask=0
	encoder_mask=0
	mode: "": 0 0 0 0 0 0 0 0 0 0 0x0 0x0
crtc[76]: moplet
	enable=0
	active=0
	self_refresh_active=0
	planes_changed=0
	mode_changed=0
	active_changed=0
	connectors_changed=0
	color_mgmt_changed=0
	plane_mask=0
	connector_mask=0
	encoder_mask=0
	mode: "": 0 0 0 0 0 0 0 0 0 0 0x0 0x0
crtc[92]: crtc-2
	enable=1
	active=1
	self_refresh_active=0
	planes_changed=1
	mode_changed=0
	active_changed=0
	connectors_changed=0
	color_mgmt_changed=0
	plane_mask=40000000000004
	connector_mask=1
	encoder_mask=1
	mode: "1366x768": 60 85750 1366 1436 1579 1792 768 771 774 798 0x48 0x5
crtc[104]: crtc-3
	enable=0
	active=0
	self_refresh_active=0
	planes_changed=0
	mode_changed=0
	active_changed=0
	connectors_changed=0
	color_mgmt_changed=0
	plane_mask=0
	connector_mask=0
	encoder_mask=0
	mode: "": 0 0 0 0 0 0 0 0 0 0 0x0 0x0
connector[33]: HDMI-A-1
	crtc=crtc-2
	self_refresh_aware=0
	max_requested_bpc=8
	colorspace=Default
	broadcast_rgb=Automatic
	is_limited_range=n
	output_bpc=8
	output_format=RGB
	tmds_char_rate=85750000
connector[42]: HDMI-A-2
	crtc=(null)
	self_refresh_aware=0
	max_requested_bpc=8
	colorspace=Default
	broadcast_rgb=Automatic
	is_limited_range=n
	output_bpc=0
	output_format=RGB
	tmds_char_rate=0
connector[63]: Writeback-1
	crtc=(null)
	self_refresh_aware=0
	max_requested_bpc=0
	colorspace=Default
connector[79]: Writeback-2
	crtc=(null)
	self_refresh_aware=0
	max_requested_bpc=0
	colorspace=Default
HVS State
	Core Clock Rate: 77175000
	Channel 0
		in use=1
		load=77175000
	Channel 1
		in use=0
		load=0
	Channel 2
		in use=0
		load=0



Audio Information
-------------------

**** List of PLAYBACK Hardware Devices ****
card 0: vc4hdmi0 [vc4-hdmi-0], device 0: MAI PCM i2s-hifi-0 [MAI PCM i2s-hifi-0]
  Subdevices: 1/1
  Subdevice #0: subdevice #0
card 1: vc4hdmi1 [vc4-hdmi-1], device 0: MAI PCM i2s-hifi-0 [MAI PCM i2s-hifi-0]
  Subdevices: 1/1
  Subdevice #0: subdevice #0

null
    Discard all samples (playback) or generate zero samples (capture)
default
    Playback/recording through the PulseAudio sound server
sysdefault
    Default Audio Device
lavrate
    Rate Converter Plugin Using Libav/FFmpeg Library
samplerate
    Rate Converter Plugin Using Samplerate Library
speexrate
    Rate Converter Plugin Using Speex Resampler
jack
    JACK Audio Connection Kit
oss
    Open Sound System
pulse
    PulseAudio Sound Server
speex
    Plugin using Speex DSP (resample, agc, denoise, echo, dereverb)
upmix
    Plugin for channel upmix (4,6,8)
vdownmix
    Plugin for channel downmix (stereo) with a simple spacialization
hw:CARD=vc4hdmi0,DEV=0
    vc4-hdmi-0, MAI PCM i2s-hifi-0
    Direct hardware device without any conversions
plughw:CARD=vc4hdmi0,DEV=0
    vc4-hdmi-0, MAI PCM i2s-hifi-0
    Hardware device with all software conversions
sysdefault:CARD=vc4hdmi0
    vc4-hdmi-0, MAI PCM i2s-hifi-0
    Default Audio Device
hdmi:CARD=vc4hdmi0,DEV=0
    vc4-hdmi-0, MAI PCM i2s-hifi-0
    HDMI Audio Output
dmix:CARD=vc4hdmi0,DEV=0
    vc4-hdmi-0, MAI PCM i2s-hifi-0
    Direct sample mixing device
usbstream:CARD=vc4hdmi0
    vc4-hdmi-0
    USB Stream Output
hw:CARD=vc4hdmi1,DEV=0
    vc4-hdmi-1, MAI PCM i2s-hifi-0
    Direct hardware device without any conversions
plughw:CARD=vc4hdmi1,DEV=0
    vc4-hdmi-1, MAI PCM i2s-hifi-0
    Hardware device with all software conversions
sysdefault:CARD=vc4hdmi1
    vc4-hdmi-1, MAI PCM i2s-hifi-0
    Default Audio Device
hdmi:CARD=vc4hdmi1,DEV=0
    vc4-hdmi-1, MAI PCM i2s-hifi-0
    HDMI Audio Output
dmix:CARD=vc4hdmi1,DEV=0
    vc4-hdmi-1, MAI PCM i2s-hifi-0
    Direct sample mixing device
usbstream:CARD=vc4hdmi1
    vc4-hdmi-1
    USB Stream Output

● pipewire.socket - PipeWire Multimedia System Sockets
     Loaded: loaded (/usr/lib/systemd/user/pipewire.socket; enabled; preset: enabled)
     Active: active (running) since Wed 2026-04-29 15:15:35 CEST; 1 week 0 days ago
   Triggers: ● pipewire.service
     Listen: /run/user/1000/pipewire-0 (Stream)
             /run/user/1000/pipewire-0-manager (Stream)
     CGroup: /user.slice/user-1000.slice/user@1000.service/app.slice/pipewire.socket

Apr 29 15:15:35 rpi5 systemd[940]: Listening on pipewire.socket - PipeWire Multimedia System Sockets.

● pipewire.service - PipeWire Multimedia Service
     Loaded: loaded (/usr/lib/systemd/user/pipewire.service; enabled; preset: enabled)
     Active: active (running) since Wed 2026-04-29 18:05:41 CEST; 1 week 0 days ago
TriggeredBy: ● pipewire.socket
   Main PID: 328762 (pipewire)
      Tasks: 3 (limit: 4751)
        CPU: 12min 9.174s
     CGroup: /user.slice/user-1000.slice/user@1000.service/session.slice/pipewire.service
             └─328762 /usr/bin/pipewire

May 01 04:34:34 rpi5 pipewire[328762]: pw.node: (bluez_output.68_F0_7F_0F_F4_C6.1-89) running -> error (Received error event)
May 01 05:40:34 rpi5 pipewire[328762]: pw.node: (bluez_output.68_F0_7F_0F_F4_C6.1-100) running -> error (Received error event)
May 01 09:03:54 rpi5 pipewire[328762]: pw.node: (bluez_output.41_42_79_F7_DE_6F.1-120) running -> error (Received error event)
May 02 04:09:36 rpi5 pipewire[328762]: pw.core: 0x5555e8597df0: error -22 for resource 56: port_set_param(Spa:Enum:ParamId:Format) failed: Invalid argument
May 02 04:09:36 rpi5 pipewire[328762]: mod.client-node: 0x5555e8e62a90: error seq:1323 -22 (port_set_param(Spa:Enum:ParamId:Format) failed: Invalid argument)
May 02 04:54:13 rpi5 pipewire[328762]: pw.node: (bluez_output.68_F0_7F_0F_F4_C6.1-83) running -> error (Received error event)
May 02 07:05:41 rpi5 pipewire[328762]: pw.node: (bluez_output.68_F0_7F_0F_F4_C6.1-105) running -> error (Received error event)
May 02 07:16:43 rpi5 pipewire[328762]: pw.node: (bluez_output.68_F0_7F_0F_F4_C6.1-116) running -> error (Received error event)
May 05 04:44:05 rpi5 pipewire[328762]: pw.node: (bluez_output.41_42_79_F7_DE_6F.1-66) idle -> error (Received error event)
May 05 22:03:14 rpi5 pipewire[328762]: pw.node: (bluez_output.41_42_79_F7_DE_6F.1-88) running -> error (Received error event)

○ pulseaudio.service - Sound Service
     Loaded: loaded (/usr/lib/systemd/user/pulseaudio.service; enabled; preset: enabled)
     Active: inactive (dead)
TriggeredBy: ○ pulseaudio.socket

○ pulseaudio.socket - Sound System
     Loaded: loaded (/usr/lib/systemd/user/pulseaudio.socket; enabled; preset: enabled)
     Active: inactive (dead)
   Triggers: ● pulseaudio.service
     Listen: /run/user/1000/pulse/native (Stream)

Server String: /run/user/1000/pulse/native
Library Protocol Version: 35
Server Protocol Version: 35
Is Local: yes
Client Index: 4352
Tile Size: 65472
User Name: rik
Host Name: rpi5
Server Name: PulseAudio (on PipeWire 1.2.7)
Server Version: 15.0.0
Default Sample Specification: float32le 2ch 48000Hz
Default Channel Map: front-left,front-right
Default Sink: bluez_output.68_F0_7F_0F_F4_C6.1
Default Source: bluez_output.68_F0_7F_0F_F4_C6.1.monitor
Cookie: 6a66:0ad6

config.txt
----------

arm_64bit=1
arm_boost=1
arm_freq=2400
arm_freq_min=1500
arm_peri_high=1
audio_pwm_mode=2
auto_initramfs=1
avs_temp=0x125c0
camera_auto_detect=1
core_freq=910
core_freq_min=500
disable_commandline_tags=2
disable_fw_kms_setup=1
disable_l2cache=1
disable_overscan=1
display_auto_detect=1
display_default_lcd=-1
display_hdmi_rotate=-1
display_lcd_rotate=-1
dvfs=4
enable_gic=1
force_eeprom_read=1
force_pwm_open=1
framebuffer_depth=16
framebuffer_ignore_alpha=1
framebuffer_swap=1
gpu_freq_min=500
hdmi_enable_4kp60=1
hevc_freq=910
hevc_freq_min=500
ignore_lcd=-1
init_uart_clock=0x2dc6c00
initial_turbo=60
isp_freq=910
isp_freq_min=500
mask_gpu_interrupt1=16418
max_framebuffers=2
over_voltage_avs=0x186a0
pause_burst_frames=1
pciex4_reset=1
pmic_turbo_threshold=600
program_serial_random=1
total_mem=4096
usb_max_current_enable=1
v3d_freq=960
v3d_freq_min=500
vpred=8600
vpred_max=8600
hdmi_force_cec_address:0=65535
hdmi_force_cec_address:1=65535
device_tree=-
overlay_prefix=overlays/
hdmi_cvt:0=
hdmi_cvt:1=
hdmi_edid_filename:0=
hdmi_edid_filename:1=
hdmi_timings:0=
hdmi_timings:1=

cmdline.txt
-----------
reboot=w coherent_pool=1M 8250.nr_uarts=1 pci=pcie_bus_safe cgroup_disable=memory numa_policy=interleave nvme.max_host_mem_size_mb=0  numa=fake=8 system_heap.max_order=0 smsc95xx.macaddr=2C:CF:67:3D:65:FC vc_mem.mem_base=0x3fc00000 vc_mem.mem_size=0x40000000  console=ttyAMA10,115200 console=tty1 root=PARTUUID=fc510914-02 rootfstype=ext4 fsck.repair=yes rootwait quiet splash plymouth.ignore-serial-consoles cfg80211.ieee80211_regdom=BE

pin configuration
-----------------

 0: ip    pu | hi // ID_SDA/GPIO0 = input
 1: ip    pu | hi // ID_SCL/GPIO1 = input
 2: no    pu | -- // GPIO2 = none
 3: no    pu | -- // GPIO3 = none
 4: no    pu | -- // GPIO4 = none
 5: no    pu | -- // GPIO5 = none
 6: no    pu | -- // GPIO6 = none
 7: no    pu | -- // GPIO7 = none
 8: no    pu | -- // GPIO8 = none
 9: no    pd | -- // GPIO9 = none
10: no    pd | -- // GPIO10 = none
11: no    pd | -- // GPIO11 = none
12: no    pd | -- // GPIO12 = none
13: no    pd | -- // GPIO13 = none
14: no    pd | -- // GPIO14 = none
15: no    pd | -- // GPIO15 = none
16: no    pd | -- // GPIO16 = none
17: no    pd | -- // GPIO17 = none
18: no    pd | -- // GPIO18 = none
19: no    pd | -- // GPIO19 = none
20: no    pd | -- // GPIO20 = none
21: no    pd | -- // GPIO21 = none
22: no    pd | -- // GPIO22 = none
23: no    pd | -- // GPIO23 = none
24: no    pd | -- // GPIO24 = none
25: no    pd | -- // GPIO25 = none
26: no    pd | -- // GPIO26 = none
27: no    pd | -- // GPIO27 = none
28: no    pd | lo // PCIE_RP1_WAKE/GPIO28 = none
29: no    pu | hi // FAN_TACH/GPIO29 = none
30: no    pu | -- // HOST_SDA/GPIO30 = none
31: no    pu | -- // HOST_SCL/GPIO31 = none
32: op dh pd | hi // ETH_RST_N/GPIO32 = output
33: no    pd | lo // GPIO33 = none
34: op dl pd | lo // CD0_IO0_MICCLK/GPIO34 = output
35: no    pd | lo // CD0_IO0_MICDAT0/GPIO35 = none
36: no    pd | lo // RP1_PCIE_CLKREQ_N/GPIO36 = none
37: no    pd | lo // GPIO37 = none
38: ip    pd | hi // CD0_SDA/GPIO38 = input
39: ip    pd | hi // CD0_SCL/GPIO39 = input
40: ip    pd | hi // CD1_SDA/GPIO40 = input
41: ip    pd | hi // CD1_SCL/GPIO41 = input
42: a2    pd | hi // USB_VBUS_EN/GPIO42 = VBUS_EN1
43: a2    pu | hi // USB_OC_N/GPIO43 = VBUS_OC1
44: op dh pd | hi // RP1_STAT_LED/GPIO44 = output
45: op dh pd | hi // FAN_PWM/GPIO45 = output
46: op dl pd | lo // CD1_IO0_MICCLK/GPIO46 = output
47: no    pd | lo // 2712_WAKE/GPIO47 = none
48: no    pd | lo // CD1_IO1_MICDAT1/GPIO48 = none
49: op dh pd | hi // EN_MAX_USB_CUR/GPIO49 = output
50: no    pd | -- // GPIO50 = none
51: no    pd | -- // GPIO51 = none
52: no    pu | -- // GPIO52 = none
53: no    pu | hi // GPIO53 = none
100: ip    pd | lo // GPIO0 = input
101: op dh pu | hi // 2712_BOOT_CS_N/GPIO1 = output
102: a6    pn | hi // 2712_BOOT_MISO/GPIO2 = VC_SPI0_MISO
103: a5    pn | hi // 2712_BOOT_MOSI/GPIO3 = VC_SPI0_MOSI
104: a6    pn | lo // 2712_BOOT_SCLK/GPIO4 = VC_SPI0_SCLK
105: ip    pd | lo // GPIO5 = input
106: ip    pd | lo // GPIO6 = input
107: ip    pd | lo // GPIO7 = input
108: ip    pd | lo // GPIO8 = input
109: ip    pd | lo // GPIO9 = input
110: ip    pd | lo // GPIO10 = input
111: ip    pd | lo // GPIO11 = input
112: ip    pd | lo // GPIO12 = input
113: ip    pd | lo // GPIO13 = input
114: a1    pd | lo // PCIE_SDA/GPIO14 = SPI_S_MOSI_OR_BSC_S_SDA
115: a1    pd | lo // PCIE_SCL/GPIO15 = SPI_S_SCK_OR_BSC_S_SCL
116: ip    pd | lo // GPIO16 = input
117: ip    pd | lo // GPIO17 = input
118: ip    pd | lo // GPIO18 = input
119: ip    pd | lo // GPIO19 = input
120: ip    pu | hi // PWR_GPIO/GPIO20 = input
121: ip    pd | lo // 2712_G21_FS/GPIO21 = input
122: ip    pd | lo // GPIO22 = input
123: ip    pd | lo // GPIO23 = input
124: a3    pn | lo // BT_RTS/GPIO24 = UART_RTS_0
125: a4    pu | lo // BT_CTS/GPIO25 = UART_CTS_0
126: a4    pn | hi // BT_TXD/GPIO26 = UART_TXD_0
127: a4    pu | hi // BT_RXD/GPIO27 = UART_RXD_0
128: op dh pd | hi // WL_ON/GPIO28 = output
129: op dh pd | hi // BT_ON/GPIO29 = output
130: a4    pn | lo // WIFI_SDIO_CLK/GPIO30 = SD2_CLK
131: a4    pu | hi // WIFI_SDIO_CMD/GPIO31 = SD2_CMD
132: a4    pu | hi // WIFI_SDIO_D0/GPIO32 = SD2_DAT0
133: a3    pu | hi // WIFI_SDIO_D1/GPIO33 = SD2_DAT1
134: a4    pu | hi // WIFI_SDIO_D2/GPIO34 = SD2_DAT2
135: a3    pu | hi // WIFI_SDIO_D3/GPIO35 = SD2_DAT3
200: ip    pd | hi // RP1_SDA/AON_GPIO0 = input
201: ip    pd | hi // RP1_SCL/AON_GPIO1 = input
202: op dh pd | hi // RP1_RUN/AON_GPIO2 = output
203: op dh pd | hi // SD_IOVDD_SEL/AON_GPIO3 = output
204: op dh pd | hi // SD_PWR_ON/AON_GPIO4 = output
205: a6    pu | lo // SD_CDET_N/AON_GPIO5 = SD_CARD_PRES_G
206: ip    pd | hi // SD_FLG_N/AON_GPIO6 = input
207: ip    pd | lo // AON_GPIO7 = input
208: ip    pd | lo // 2712_WAKE/AON_GPIO8 = input
209: op dh pd | hi // 2712_STAT_LED/AON_GPIO9 = output
210: ip    pd | lo // AON_GPIO10 = input
211: ip    pd | lo // AON_GPIO11 = input
212: ip    pd | lo // PMIC_INT/AON_GPIO12 = input
213: a3    pu | hi // UART_TX_FS/AON_GPIO13 = VC_TXD0
214: a3    pu | hi // UART_RX_FS/AON_GPIO14 = VC_RXD0
215: ip    pd | lo // AON_GPIO15 = input
216: ip    pu | hi // AON_GPIO16 = input
232: a1    -- | hi // HDMI0_SCL/AON_SGPIO0 = HDMI_TX0_BSC_SCL
233: a1    -- | hi // HDMI0_SDA/AON_SGPIO1 = HDMI_TX0_BSC_SDA
234: a1    -- | hi // HDMI1_SCL/AON_SGPIO2 = HDMI_TX1_BSC_SCL
235: a1    -- | hi // HDMI1_SDA/AON_SGPIO3 = HDMI_TX1_BSC_SDA
236: a2    -- | hi // PMIC_SCL/AON_SGPIO4 = BSC_M2_SCL
237: a2    -- | hi // PMIC_SDA/AON_SGPIO5 = BSC_M2_SDA

vcdbg log messages
------------------

005141.645: *** Restart logging
005156.315: Initial voltage 800000 temp 75200
005356.908: avs_2712: AVS pred 8600 860000 temp 75200
005360.509: vpred 860 mV +0
005988.782: FB framebuffer_swap 1
006008.533: Select resolution HDMI0/2 hotplug 1 max_mode 2
006025.050: HDMI0 edid block 0 offset 0
006027.433: 00ffffffffffff006318000000000000
006033.106: 01190103800000000ad7a5a2594a9624
006038.778: 145054a3080081c00101010101010101
006044.451: 0101010101017f2156aa51001e30468f
006050.124: 33003f432100001ea91a00a050001630
006055.797: 302037003f432100001a000000fd0032
006061.470: 4c1e5010000a202020202020000000fc
006067.143: 004141410a20202020202020202001c4
006085.284: HDMI0 edid block 1 offset 128
006087.839: 02032a745090050403070206011f1413
006093.512: 12161115202909070357070015075066
006099.185: 030c0010000083010000011d00bc52d0
006104.858: 1e20b8285540c48e2100001e011d80d0
006110.531: 721c1620102c2580c48e2100009e8c0a
006116.203: d08a20e02d10103e9600138e21000018
006121.876: 8c0ad090204031200c405500138e2100
006127.549: 0018000000000000000000000000002d
006133.241: HDMI0: best-mode 2 (limit 2) 1920x1080 60 Hz CEA modes fe007f80010000000000000000000000 extensions 1
006144.833: Select resolution HDMI1/2 hotplug 0 max_mode 2
006151.756: FB0 disp 0 max-fb 2 1920x1080 stride 3840 base 0x3f800000
007048.802: initramfs (initramfs_2712) loaded to 0x2dec4000 (size 0x113b304)
007063.884: dtb_file 'bcm2712-rpi-5-b.dtb'
007163.149: dtparam: audio=on
007171.671: Unknown dtparam 'audio' - ignored
007237.430: Loaded overlay 'vc4-kms-v3d-pi5'
007409.624: Read command line from file 'cmdline.txt':
007416.128: 'console=serial0,115200 console=tty1 root=PARTUUID=fc510914-02 rootfstype=ext4 fsck.repair=yes rootwait quiet splash plymouth.ignore-serial-consoles cfg80211.ieee80211_regdom=BE'
007635.870: RPM 0, max RPM 0
009496.478: Device tree loaded to 0x2deb0500 (size 0x13abd)
009569.958: Starting OS 9569 ms
009575.485: 00000040: -> 00000480
009577.334: 00000030: -> 00100080
009582.046: 00000034: -> 00100080
009586.760: 00000038: -> 00100080
009591.472: 0000003c: -> 00100080
069643.600: initial_turbo of 60 deactivated
3630662.300: sdram: sdram refresh 2081->4162 (2)
3631676.094: sdram: sdram refresh 2081->2081 (3)
3642174.655: sdram: sdram refresh 2081->4162 (2)
3647381.004: sdram: sdram refresh 2081->2081 (3)
3666669.865: sdram: sdram refresh 2081->4162 (2)
3668751.013: sdram: sdram refresh 2081->2081 (3)
3680364.997: sdram: sdram refresh 2081->4162 (2)
3700563.029: sdram: sdram refresh 2081->2081 (3)
3701572.372: sdram: sdram refresh 2081->4162 (2)
3707872.353: sdram: sdram refresh 2081->2081 (3)
3709966.746: sdram: sdram refresh 2081->4162 (2)
2712152.937: sdram: sdram refresh 2081->2081 (3)
2714168.937: sdram: sdram refresh 2081->4162 (2)
2717264.731: sdram: sdram refresh 2081->2081 (3)
2718363.834: sdram: sdram refresh 2081->4162 (2)
2719373.334: sdram: sdram refresh 2081->2081 (3)
2724652.239: sdram: sdram refresh 2081->4162 (2)
2738042.995: sdram: sdram refresh 2081->2081 (3)
2739070.545: sdram: sdram refresh 2081->4162 (2)
2740101.546: sdram: sdram refresh 2081->2081 (3)
3073611.407: sdram: sdram refresh 2081->4162 (2)
3076715.902: sdram: sdram refresh 2081->2081 (3)
3077744.452: sdram: sdram refresh 2081->4162 (2)
3533132.516: sdram: sdram refresh 2081->2081 (3)
3535151.139: sdram: sdram refresh 2081->4162 (2)
3541301.388: sdram: sdram refresh 2081->2081 (3)
3542310.914: sdram: sdram refresh 2081->4162 (2)
3544326.798: sdram: sdram refresh 2081->2081 (3)
788325.675: sdram: sdram refresh 2081->4162 (2)
789335.192: sdram: sdram refresh 2081->2081 (3)
842858.637: sdram: sdram refresh 2081->4162 (2)
858280.734: sdram: sdram refresh 2081->2081 (3)
861306.185: sdram: sdram refresh 2081->4162 (2)
875519.036: sdram: sdram refresh 2081->2081 (3)
876525.579: sdram: sdram refresh 2081->4162 (2)
917450.708: sdram: sdram refresh 2081->2081 (3)
919537.316: sdram: sdram refresh 2081->4162 (2)
602873.729: sdram: sdram refresh 2081->2081 (3)
603960.466: sdram: sdram refresh 2081->4162 (2)
642476.668: sdram: sdram refresh 2081->2081 (3)
643480.719: sdram: sdram refresh 2081->4162 (2)
702650.430: sdram: sdram refresh 2081->2081 (3)
704771.204: sdram: sdram refresh 2081->4162 (2)
762117.818: sdram: sdram refresh 2081->2081 (3)
776511.816: sdram: sdram refresh 2081->4162 (2)
777517.470: sdram: sdram refresh 2081->2081 (3)
792759.304: sdram: sdram refresh 2081->4162 (2)
793768.807: sdram: sdram refresh 2081->2081 (3)
799917.655: sdram: sdram refresh 2081->4162 (2)
821382.738: sdram: sdram refresh 2081->2081 (3)
1115236.330: sdram: sdram refresh 2081->4162 (2)
1148193.304: sdram: sdram refresh 2081->2081 (3)
1149209.587: sdram: sdram refresh 2081->4162 (2)
1160483.493: sdram: sdram refresh 2081->2081 (3)
1163519.187: sdram: sdram refresh 2081->4162 (2)
1167553.329: sdram: sdram refresh 2081->2081 (3)
1169567.322: sdram: sdram refresh 2081->4162 (2)
1176781.426: sdram: sdram refresh 2081->2081 (3)
1179852.832: sdram: sdram refresh 2081->4162 (2)
1180884.970: sdram: sdram refresh 2081->2081 (3)
1181969.641: sdram: sdram refresh 2081->4162 (2)
1183985.642: sdram: sdram refresh 2081->2081 (3)
1184995.161: sdram: sdram refresh 2081->4162 (2)
1186087.196: sdram: sdram refresh 2081->2081 (3)
1187096.713: sdram: sdram refresh 2081->4162 (2)
1188114.480: sdram: sdram refresh 2081->2081 (3)
1190130.459: sdram: sdram refresh 2081->4162 (2)
1207669.352: sdram: sdram refresh 2081->2081 (3)
1218001.042: sdram: sdram refresh 2081->4162 (2)
1268048.281: sdram: sdram refresh 2081->2081 (3)
1298590.631: sdram: sdram refresh 2081->4162 (2)
1321064.202: sdram: sdram refresh 2081->2081 (3)
1322073.725: sdram: sdram refresh 2081->4162 (2)
1328246.237: sdram: sdram refresh 2081->2081 (3)
1330339.340: sdram: sdram refresh 2081->4162 (2)
1332359.308: sdram: sdram refresh 2081->2081 (3)
1333447.354: sdram: sdram refresh 2081->4162 (2)
1335478.669: sdram: sdram refresh 2081->2081 (3)
1336488.180: sdram: sdram refresh 2081->4162 (2)
1386579.137: sdram: sdram refresh 2081->2081 (3)
1395770.971: sdram: sdram refresh 2081->4162 (2)
1396780.471: sdram: sdram refresh 2081->2081 (3)
1430533.827: sdram: sdram refresh 2081->4162 (2)
1436686.654: sdram: sdram refresh 2081->2081 (3)
1440819.511: sdram: sdram refresh 2081->4162 (2)
1441822.299: sdram: sdram refresh 2081->2081 (3)
1444847.474: sdram: sdram refresh 2081->4162 (2)
1447874.018: sdram: sdram refresh 2081->2081 (3)
1476598.136: sdram: sdram refresh 2081->4162 (2)
1497016.829: sdram: sdram refresh 2081->2081 (3)
1498072.102: sdram: sdram refresh 2081->4162 (2)
1508248.926: sdram: sdram refresh 2081->2081 (3)
1510264.904: sdram: sdram refresh 2081->4162 (2)
1518332.868: sdram: sdram refresh 2081->2081 (3)
1525487.182: sdram: sdram refresh 2081->4162 (2)
1567474.033: sdram: sdram refresh 2081->2081 (3)
1569535.497: sdram: sdram refresh 2081->4162 (2)
1627985.637: sdram: sdram refresh 2081->2081 (3)
1628989.643: sdram: sdram refresh 2081->4162 (2)
1679125.753: sdram: sdram refresh 2081->2081 (3)
1680156.578: sdram: sdram refresh 2081->4162 (2)
1688381.686: sdram: sdram refresh 2081->2081 (3)
1689391.209: sdram: sdram refresh 2081->4162 (2)
1807884.967: sdram: sdram refresh 2081->2081 (3)
1808924.829: sdram: sdram refresh 2081->4162 (2)
1928462.480: sdram: sdram refresh 2081->2081 (3)
1930489.491: sdram: sdram refresh 2081->4162 (2)
1960016.790: sdram: sdram refresh 2081->2081 (3)
4109663.088: sdram: sdram refresh 2081->4162 (2)
4114729.344: sdram: sdram refresh 2081->2081 (3)
4115738.862: sdram: sdram refresh 2081->4162 (2)
4131986.832: sdram: sdram refresh 2081->2081 (3)
4133075.001: sdram: sdram refresh 2081->4162 (2)
4148379.536: sdram: sdram refresh 2081->2081 (3)
4149404.667: sdram: sdram refresh 2081->4162 (2)
1375466.588: sdram: sdram refresh 2081->2081 (3)
1380508.026: sdram: sdram refresh 2081->4162 (2)
1381514.562: sdram: sdram refresh 2081->2081 (3)
546337.082: sdram: sdram refresh 2081->4162 (2)
553492.462: sdram: sdram refresh 2081->2081 (3)
555508.512: sdram: sdram refresh 2081->4162 (2)
1041647.300: sdram: sdram refresh 2081->2081 (3)
1042716.810: sdram: sdram refresh 2081->4162 (2)
1093338.758: sdram: sdram refresh 2081->2081 (3)
1094348.285: sdram: sdram refresh 2081->4162 (2)
1096367.290: sdram: sdram refresh 2081->2081 (3)
1097448.132: sdram: sdram refresh 2081->4162 (2)
1120846.092: sdram: sdram refresh 2081->2081 (3)
1121855.599: sdram: sdram refresh 2081->4162 (2)
1152499.242: sdram: sdram refresh 2081->2081 (3)
1154514.867: sdram: sdram refresh 2081->4162 (2)
1157638.242: sdram: sdram refresh 2081->2081 (3)
1174876.486: sdram: sdram refresh 2081->4162 (2)
1177999.862: sdram: sdram refresh 2081->2081 (3)
1201485.877: sdram: sdram refresh 2081->4162 (2)
1204603.120: sdram: sdram refresh 2081->2081 (3)
1207638.289: sdram: sdram refresh 2081->4162 (2)
1208647.791: sdram: sdram refresh 2081->2081 (3)
1209746.687: sdram: sdram refresh 2081->4162 (2)
1211762.684: sdram: sdram refresh 2081->2081 (3)
1215895.523: sdram: sdram refresh 2081->4162 (2)
1752884.823: sdram: sdram refresh 2081->2081 (3)
1754969.609: sdram: sdram refresh 2081->4162 (2)
1786070.598: sdram: sdram refresh 2081->2081 (3)
1787087.763: sdram: sdram refresh 2081->4162 (2)
1796646.157: sdram: sdram refresh 2081->2081 (3)
1798709.487: sdram: sdram refresh 2081->4162 (2)
1813036.501: sdram: sdram refresh 2081->2081 (3)
1814117.380: sdram: sdram refresh 2081->4162 (2)
1815135.572: sdram: sdram refresh 2081->2081 (3)
1864853.085: sdram: sdram refresh 2081->4162 (2)
1873005.334: sdram: sdram refresh 2081->2081 (3)
529678.330: sdram: sdram refresh 2081->4162 (2)
543022.149: sdram: sdram refresh 2081->2081 (3)
810778.260: sdram: sdram refresh 2081->4162 (2)
829147.572: sdram: sdram refresh 2081->2081 (3)
838314.950: sdram: sdram refresh 2081->4162 (2)
843451.455: sdram: sdram refresh 2081->2081 (3)
996759.890: sdram: sdram refresh 2081->4162 (2)
1013113.595: sdram: sdram refresh 2081->2081 (3)
1034561.516: sdram: sdram refresh 2081->4162 (2)
1073362.862: sdram: sdram refresh 2081->2081 (3)
1075378.981: sdram: sdram refresh 2081->4162 (2)
1108038.154: sdram: sdram refresh 2081->2081 (3)
1109047.668: sdram: sdram refresh 2081->4162 (2)
1133723.829: sdram: sdram refresh 2081->2081 (3)
1134821.519: sdram: sdram refresh 2081->4162 (2)
1194021.200: sdram: sdram refresh 2081->2081 (3)
1195076.488: sdram: sdram refresh 2081->4162 (2)
1253516.471: sdram: sdram refresh 2081->2081 (3)
1254609.385: sdram: sdram refresh 2081->4162 (2)
1313824.935: sdram: sdram refresh 2081->2081 (3)
1314834.466: sdram: sdram refresh 2081->4162 (2)
1433624.899: sdram: sdram refresh 2081->2081 (3)
1434674.057: sdram: sdram refresh 2081->4162 (2)
1493843.857: sdram: sdram refresh 2081->2081 (3)
1494853.373: sdram: sdram refresh 2081->4162 (2)
1673903.318: sdram: sdram refresh 2081->2081 (3)
1674998.367: sdram: sdram refresh 2081->4162 (2)
1734264.482: sdram: sdram refresh 2081->2081 (3)
1735351.902: sdram: sdram refresh 2081->4162 (2)
4259441.965: sdram: sdram refresh 2081->2081 (3)
045393.573: sdram: sdram refresh 2081->4162 (2)
046478.822: sdram: sdram refresh 2081->2081 (3)
1148840.837: sdram: sdram refresh 2081->4162 (2)
2218490.977: sdram: sdram refresh 2081->2081 (3)
2222522.961: sdram: sdram refresh 2081->4162 (2)
2229675.434: sdram: sdram refresh 2081->2081 (3)
1558764.576: sdram: sdram refresh 2081->4162 (2)
1573042.020: sdram: sdram refresh 2081->2081 (3)
1578181.472: sdram: sdram refresh 2081->4162 (2)
1585342.014: sdram: sdram refresh 2081->2081 (3)
1587359.912: sdram: sdram refresh 2081->4162 (2)
1591381.612: sdram: sdram refresh 2081->2081 (3)
1592394.526: sdram: sdram refresh 2081->4162 (2)
1634103.641: sdram: sdram refresh 2081->2081 (3)
1636208.308: sdram: sdram refresh 2081->4162 (2)
1693596.135: sdram: sdram refresh 2081->2081 (3)
1712145.548: sdram: sdram refresh 2081->4162 (2)
1713155.065: sdram: sdram refresh 2081->2081 (3)
1715263.383: sdram: sdram refresh 2081->4162 (2)
1739756.313: sdram: sdram refresh 2081->2081 (3)
1750975.321: sdram: sdram refresh 2081->4162 (2)
1753063.541: sdram: sdram refresh 2081->2081 (3)
1799891.284: sdram: sdram refresh 2081->4162 (2)
1813298.700: sdram: sdram refresh 2081->2081 (3)
1816363.047: sdram: sdram refresh 2081->4162 (2)
1873701.217: sdram: sdram refresh 2081->2081 (3)
1874710.738: sdram: sdram refresh 2081->4162 (2)
1933780.324: sdram: sdram refresh 2081->2081 (3)
1934789.576: sdram: sdram refresh 2081->4162 (2)
2618751.219: sdram: sdram refresh 2081->2081 (3)
2619760.730: sdram: sdram refresh 2081->4162 (2)
2679029.442: sdram: sdram refresh 2081->2081 (3)
2681148.073: sdram: sdram refresh 2081->4162 (2)
2703527.696: sdram: sdram refresh 2081->2081 (3)
2704537.212: sdram: sdram refresh 2081->4162 (2)
2738304.557: sdram: sdram refresh 2081->2081 (3)
596617.151: sdram: sdram refresh 2081->4162 (2)
598730.012: sdram: sdram refresh 2081->2081 (3)
1125883.881: sdram: sdram refresh 2081->4162 (2)
1143231.424: sdram: sdram refresh 2081->2081 (3)
1152394.314: sdram: sdram refresh 2081->4162 (2)
1154410.287: sdram: sdram refresh 2081->2081 (3)
1155420.788: sdram: sdram refresh 2081->4162 (2)
1157533.623: sdram: sdram refresh 2081->2081 (3)
1160559.084: sdram: sdram refresh 2081->4162 (2)
1203493.262: sdram: sdram refresh 2081->2081 (3)
1205609.983: sdram: sdram refresh 2081->4162 (2)
1263872.082: sdram: sdram refresh 2081->2081 (3)
1264881.601: sdram: sdram refresh 2081->4162 (2)
1803942.571: sdram: sdram refresh 2081->2081 (3)
1821438.242: sdram: sdram refresh 2081->4162 (2)
1825567.922: sdram: sdram refresh 2081->2081 (3)
1391559.728: sdram: sdram refresh 2081->4162 (2)
1392569.232: sdram: sdram refresh 2081->2081 (3)
1444883.906: sdram: sdram refresh 2081->4162 (2)
1445892.428: sdram: sdram refresh 2081->2081 (3)
1447906.701: sdram: sdram refresh 2081->4162 (2)
1451028.713: sdram: sdram refresh 2081->2081 (3)
1497118.407: sdram: sdram refresh 2081->4162 (2)
1502233.451: sdram: sdram refresh 2081->2081 (3)
1551466.399: sdram: sdram refresh 2081->4162 (2)
1552475.910: sdram: sdram refresh 2081->2081 (3)
1624100.372: sdram: sdram refresh 2081->4162 (2)
1634318.492: sdram: sdram refresh 2081->2081 (3)
1649597.493: sdram: sdram refresh 2081->4162 (2)
1654742.779: sdram: sdram refresh 2081->2081 (3)
1655745.472: sdram: sdram refresh 2081->4162 (2)
1662899.786: sdram: sdram refresh 2081->2081 (3)
1671244.788: sdram: sdram refresh 2081->4162 (2)
1673282.312: sdram: sdram refresh 2081->2081 (3)
1756235.636: sdram: sdram refresh 2081->4162 (2)
1759358.995: sdram: sdram refresh 2081->2081 (3)
1797057.734: sdram: sdram refresh 2081->4162 (2)
1800128.999: sdram: sdram refresh 2081->2081 (3)
1809258.524: sdram: sdram refresh 2081->4162 (2)
1812380.842: sdram: sdram refresh 2081->2081 (3)
1830863.338: sdram: sdram refresh 2081->4162 (2)
1832946.482: sdram: sdram refresh 2081->2081 (3)
1833982.704: sdram: sdram refresh 2081->4162 (2)
1850270.356: sdram: sdram refresh 2081->2081 (3)
1851279.857: sdram: sdram refresh 2081->4162 (2)
1873804.933: sdram: sdram refresh 2081->2081 (3)
1878994.034: sdram: sdram refresh 2081->4162 (2)
1934140.366: sdram: sdram refresh 2081->2081 (3)
1936156.388: sdram: sdram refresh 2081->4162 (2)
1972810.764: sdram: sdram refresh 2081->2081 (3)
1973818.451: sdram: sdram refresh 2081->4162 (2)
1994207.816: sdram: sdram refresh 2081->2081 (3)
1995284.364: sdram: sdram refresh 2081->4162 (2)
2053567.292: sdram: sdram refresh 2081->2081 (3)
2055658.478: sdram: sdram refresh 2081->4162 (2)
2071988.139: sdram: sdram refresh 2081->2081 (3)
2072997.655: sdram: sdram refresh 2081->4162 (2)
2079146.388: sdram: sdram refresh 2081->2081 (3)
2095391.119: sdram: sdram refresh 2081->4162 (2)
2096482.538: sdram: sdram refresh 2081->2081 (3)
2101603.046: sdram: sdram refresh 2081->4162 (2)
2108785.201: sdram: sdram refresh 2081->2081 (3)
2109787.721: sdram: sdram refresh 2081->4162 (2)
2113819.725: sdram: sdram refresh 2081->2081 (3)
2136366.563: sdram: sdram refresh 2081->4162 (2)
2152698.889: sdram: sdram refresh 2081->2081 (3)
2153708.408: sdram: sdram refresh 2081->4162 (2)
2174311.998: sdram: sdram refresh 2081->2081 (3)
2228310.616: sdram: sdram refresh 2081->4162 (2)
2229385.850: sdram: sdram refresh 2081->2081 (3)
2282451.270: sdram: sdram refresh 2081->4162 (2)
2285531.107: sdram: sdram refresh 2081->2081 (3)
2344818.261: sdram: sdram refresh 2081->4162 (2)
2353974.175: sdram: sdram refresh 2081->2081 (3)
2390766.179: sdram: sdram refresh 2081->4162 (2)
2391837.690: sdram: sdram refresh 2081->2081 (3)
2400041.337: sdram: sdram refresh 2081->4162 (2)
2414408.099: sdram: sdram refresh 2081->2081 (3)
2427660.143: sdram: sdram refresh 2081->4162 (2)
2430682.700: sdram: sdram refresh 2081->2081 (3)
2432698.627: sdram: sdram refresh 2081->4162 (2)
2435764.134: sdram: sdram refresh 2081->2081 (3)
2437842.517: sdram: sdram refresh 2081->4162 (2)
2438847.446: sdram: sdram refresh 2081->2081 (3)
2455177.111: sdram: sdram refresh 2081->4162 (2)
2458285.294: sdram: sdram refresh 2081->2081 (3)
2461325.933: sdram: sdram refresh 2081->4162 (2)
2467475.404: sdram: sdram refresh 2081->2081 (3)
2497109.390: sdram: sdram refresh 2081->4162 (2)
2533791.160: sdram: sdram refresh 2081->2081 (3)
2544072.802: sdram: sdram refresh 2081->4162 (2)
2551235.322: sdram: sdram refresh 2081->2081 (3)
2552237.659: sdram: sdram refresh 2081->4162 (2)
2594069.256: sdram: sdram refresh 2081->2081 (3)
2604249.230: sdram: sdram refresh 2081->4162 (2)
2610394.065: sdram: sdram refresh 2081->2081 (3)
2613419.506: sdram: sdram refresh 2081->4162 (2)
2654208.885: sdram: sdram refresh 2081->2081 (3)
2656262.945: sdram: sdram refresh 2081->4162 (2)
2713802.067: sdram: sdram refresh 2081->2081 (3)
2717947.639: sdram: sdram refresh 2081->4162 (2)
2748601.465: sdram: sdram refresh 2081->2081 (3)
2749694.444: sdram: sdram refresh 2081->4162 (2)
2752788.901: sdram: sdram refresh 2081->2081 (3)
2753827.747: sdram: sdram refresh 2081->4162 (2)
2774293.802: sdram: sdram refresh 2081->2081 (3)
2790720.264: sdram: sdram refresh 2081->4162 (2)
2797876.593: sdram: sdram refresh 2081->2081 (3)
2798908.140: sdram: sdram refresh 2081->4162 (2)
2802009.978: sdram: sdram refresh 2081->2081 (3)
2804025.465: sdram: sdram refresh 2081->4162 (2)
2807050.913: sdram: sdram refresh 2081->2081 (3)
2809112.813: sdram: sdram refresh 2081->4162 (2)
2833702.186: sdram: sdram refresh 2081->2081 (3)
2836780.729: sdram: sdram refresh 2081->4162 (2)
2894313.764: sdram: sdram refresh 2081->2081 (3)
2895349.388: sdram: sdram refresh 2081->4162 (2)
2953607.824: sdram: sdram refresh 2081->2081 (3)
2955623.766: sdram: sdram refresh 2081->4162 (2)
3014083.339: sdram: sdram refresh 2081->2081 (3)
3015161.470: sdram: sdram refresh 2081->4162 (2)
3134007.611: sdram: sdram refresh 2081->2081 (3)
3135042.258: sdram: sdram refresh 2081->4162 (2)
3194511.967: sdram: sdram refresh 2081->2081 (3)
3195513.477: sdram: sdram refresh 2081->4162 (2)
3314305.949: sdram: sdram refresh 2081->2081 (3)
3315360.239: sdram: sdram refresh 2081->4162 (2)
3434092.762: sdram: sdram refresh 2081->2081 (3)
3435102.283: sdram: sdram refresh 2081->4162 (2)
3553903.473: sdram: sdram refresh 2081->2081 (3)
3554955.776: sdram: sdram refresh 2081->4162 (2)
3674390.196: sdram: sdram refresh 2081->2081 (3)
3675399.708: sdram: sdram refresh 2081->4162 (2)
218933.315: sdram: sdram refresh 2081->2081 (3)
219942.819: sdram: sdram refresh 2081->4162 (2)
459033.644: sdram: sdram refresh 2081->2081 (3)
460043.163: sdram: sdram refresh 2081->4162 (2)
2139122.135: sdram: sdram refresh 2081->2081 (3)
2140131.654: sdram: sdram refresh 2081->4162 (2)
2199388.062: sdram: sdram refresh 2081->2081 (3)
2200400.143: sdram: sdram refresh 2081->4162 (2)
2258826.892: sdram: sdram refresh 2081->2081 (3)
2259875.245: sdram: sdram refresh 2081->4162 (2)
2679128.334: sdram: sdram refresh 2081->2081 (3)
2680196.904: sdram: sdram refresh 2081->4162 (2)
2739230.123: sdram: sdram refresh 2081->2081 (3)
2740276.990: sdram: sdram refresh 2081->4162 (2)
2858816.098: sdram: sdram refresh 2081->2081 (3)
2859825.603: sdram: sdram refresh 2081->4162 (2)
2979225.618: sdram: sdram refresh 2081->2081 (3)
2980274.152: sdram: sdram refresh 2081->4162 (2)
3338819.279: sdram: sdram refresh 2081->2081 (3)
3339883.260: sdram: sdram refresh 2081->4162 (2)
2353707.816: sdram: sdram refresh 2081->2081 (3)
2354730.738: sdram: sdram refresh 2081->4162 (2)
2362042.306: sdram: sdram refresh 2081->2081 (3)
3134368.238: sdram: sdram refresh 2081->4162 (2)
3135377.754: sdram: sdram refresh 2081->2081 (3)
3137456.421: sdram: sdram refresh 2081->4162 (2)
3138505.501: sdram: sdram refresh 2081->2081 (3)
3140517.032: sdram: sdram refresh 2081->4162 (2)
3148760.218: sdram: sdram refresh 2081->2081 (3)
3151808.136: sdram: sdram refresh 2081->4162 (2)
3152814.687: sdram: sdram refresh 2081->2081 (3)
3156947.505: sdram: sdram refresh 2081->4162 (2)
3167129.302: sdram: sdram refresh 2081->2081 (3)
3178316.588: sdram: sdram refresh 2081->4162 (2)
3183462.930: sdram: sdram refresh 2081->2081 (3)
3185474.901: sdram: sdram refresh 2081->4162 (2)
3201804.499: sdram: sdram refresh 2081->2081 (3)
3202814.990: sdram: sdram refresh 2081->4162 (2)
3206943.811: sdram: sdram refresh 2081->2081 (3)
2639186.859: sdram: sdram refresh 2081->4162 (2)
2654622.572: sdram: sdram refresh 2081->2081 (3)
2655626.551: sdram: sdram refresh 2081->4162 (2)
2658842.908: sdram: sdram refresh 2081->2081 (3)
2671341.064: sdram: sdram refresh 2081->4162 (2)
2683626.420: sdram: sdram refresh 2081->2081 (3)
2747129.005: sdram: sdram refresh 2081->4162 (2)
2779449.709: sdram: sdram refresh 2081->2081 (3)
2781512.686: sdram: sdram refresh 2081->4162 (2)
2839350.479: sdram: sdram refresh 2081->2081 (3)
2840377.843: sdram: sdram refresh 2081->4162 (2)
3319511.570: sdram: sdram refresh 2081->2081 (3)
3320512.437: sdram: sdram refresh 2081->4162 (2)
306369.668: sdram: sdram refresh 2081->2081 (3)
308486.471: sdram: sdram refresh 2081->4162 (2)
315830.416: sdram: sdram refresh 2081->2081 (3)
316895.232: sdram: sdram refresh 2081->4162 (2)
318969.725: sdram: sdram refresh 2081->2081 (3)
319979.234: sdram: sdram refresh 2081->4162 (2)
324126.249: sdram: sdram refresh 2081->2081 (3)
326226.848: sdram: sdram refresh 2081->4162 (2)
339521.930: sdram: sdram refresh 2081->2081 (3)
2521274.331: sdram: sdram refresh 2081->4162 (2)
2522326.184: sdram: sdram refresh 2081->2081 (3)
2548485.513: sdram: sdram refresh 2081->4162 (2)
2564211.413: sdram: sdram refresh 2081->2081 (3)
2574696.606: sdram: sdram refresh 2081->4162 (2)
2623857.981: sdram: sdram refresh 2081->2081 (3)
2624956.645: sdram: sdram refresh 2081->4162 (2)
2684682.854: sdram: sdram refresh 2081->2081 (3)
2685761.199: sdram: sdram refresh 2081->4162 (2)
2744338.938: sdram: sdram refresh 2081->2081 (3)
2748443.725: sdram: sdram refresh 2081->4162 (2)
2774602.851: sdram: sdram refresh 2081->2081 (3)
2775604.323: sdram: sdram refresh 2081->4162 (2)
2782970.637: sdram: sdram refresh 2081->2081 (3)
2785020.837: sdram: sdram refresh 2081->4162 (2)
2803926.871: sdram: sdram refresh 2081->2081 (3)
2807048.099: sdram: sdram refresh 2081->4162 (2)
2808084.290: sdram: sdram refresh 2081->2081 (3)
2821790.764: sdram: sdram refresh 2081->4162 (2)
2823900.920: sdram: sdram refresh 2081->2081 (3)
2825934.514: sdram: sdram refresh 2081->4162 (2)
2829123.505: sdram: sdram refresh 2081->2081 (3)
2830150.593: sdram: sdram refresh 2081->4162 (2)
2863634.524: sdram: sdram refresh 2081->2081 (3)
2865771.324: sdram: sdram refresh 2081->4162 (2)
2867869.761: sdram: sdram refresh 2081->2081 (3)
2868957.075: sdram: sdram refresh 2081->4162 (2)
2882437.748: sdram: sdram refresh 2081->2081 (3)
2883449.749: sdram: sdram refresh 2081->4162 (2)
2924329.277: sdram: sdram refresh 2081->2081 (3)
2925370.565: sdram: sdram refresh 2081->4162 (2)
2933697.072: sdram: sdram refresh 2081->2081 (3)
2940007.597: sdram: sdram refresh 2081->4162 (2)
2942039.993: sdram: sdram refresh 2081->2081 (3)
3210652.536: sdram: sdram refresh 2081->4162 (2)
3224040.001: sdram: sdram refresh 2081->2081 (3)
3225049.509: sdram: sdram refresh 2081->4162 (2)
4042508.626: sdram: sdram refresh 2081->2081 (3)
4167262.453: sdram: sdram refresh 2081->4162 (2)
4183834.718: sdram: sdram refresh 2081->2081 (3)
4185973.167: sdram: sdram refresh 2081->4162 (2)
4189109.840: sdram: sdram refresh 2081->2081 (3)
4190205.013: sdram: sdram refresh 2081->4162 (2)
4193226.352: sdram: sdram refresh 2081->2081 (3)
4195343.204: sdram: sdram refresh 2081->4162 (2)
4208954.321: sdram: sdram refresh 2081->2081 (3)
4211098.756: sdram: sdram refresh 2081->4162 (2)
4212136.979: sdram: sdram refresh 2081->2081 (3)
4214284.379: sdram: sdram refresh 2081->4162 (2)
4215331.607: sdram: sdram refresh 2081->2081 (3)
4218441.684: sdram: sdram refresh 2081->4162 (2)
4223694.001: sdram: sdram refresh 2081->2081 (3)
4235094.570: sdram: sdram refresh 2081->4162 (2)
4244324.513: sdram: sdram refresh 2081->2081 (3)
030882.790: sdram: sdram refresh 2081->4162 (2)
589614.438: sdram: sdram refresh 2081->2081 (3)
590661.788: sdram: sdram refresh 2081->4162 (2)
1069347.572: sdram: sdram refresh 2081->2081 (3)
1070357.080: sdram: sdram refresh 2081->4162 (2)
1129530.417: sdram: sdram refresh 2081->2081 (3)
1130539.926: sdram: sdram refresh 2081->4162 (2)
1188948.563: sdram: sdram refresh 2081->2081 (3)
1192023.665: sdram: sdram refresh 2081->4162 (2)
1198075.913: sdram: sdram refresh 2081->2081 (3)
1199089.880: sdram: sdram refresh 2081->4162 (2)
1207246.462: sdram: sdram refresh 2081->2081 (3)
1208253.032: sdram: sdram refresh 2081->4162 (2)
1210285.081: sdram: sdram refresh 2081->2081 (3)
1219544.497: sdram: sdram refresh 2081->4162 (2)
1249206.422: sdram: sdram refresh 2081->2081 (3)
1254406.388: sdram: sdram refresh 2081->4162 (2)
1257446.268: sdram: sdram refresh 2081->2081 (3)
1264601.860: sdram: sdram refresh 2081->4162 (2)
1277000.760: sdram: sdram refresh 2081->2081 (3)
1288237.021: sdram: sdram refresh 2081->4162 (2)
1308642.393: sdram: sdram refresh 2081->2081 (3)
1312679.789: sdram: sdram refresh 2081->4162 (2)
1369724.622: sdram: sdram refresh 2081->2081 (3)
1370734.120: sdram: sdram refresh 2081->4162 (2)
1428955.023: sdram: sdram refresh 2081->2081 (3)
1430008.270: sdram: sdram refresh 2081->4162 (2)
1489314.772: sdram: sdram refresh 2081->2081 (3)
1490384.656: sdram: sdram refresh 2081->4162 (2)
1549560.565: sdram: sdram refresh 2081->2081 (3)
1550657.578: sdram: sdram refresh 2081->4162 (2)
1669160.796: sdram: sdram refresh 2081->2081 (3)
1670209.378: sdram: sdram refresh 2081->4162 (2)
1729433.127: sdram: sdram refresh 2081->2081 (3)
1730488.495: sdram: sdram refresh 2081->4162 (2)
1789756.039: sdram: sdram refresh 2081->2081 (3)
1790765.542: sdram: sdram refresh 2081->4162 (2)
1969567.698: sdram: sdram refresh 2081->2081 (3)
1970592.842: sdram: sdram refresh 2081->4162 (2)
4094495.829: sdram: sdram refresh 2081->2081 (3)
4095505.340: sdram: sdram refresh 2081->4162 (2)
4153753.915: sdram: sdram refresh 2081->2081 (3)
4155786.395: sdram: sdram refresh 2081->4162 (2)
4181385.214: sdram: sdram refresh 2081->2081 (3)
4213087.133: sdram: sdram refresh 2081->4162 (2)
4214159.743: sdram: sdram refresh 2081->2081 (3)
1029461.249: sdram: sdram refresh 2081->4162 (2)
1059093.445: sdram: sdram refresh 2081->2081 (3)
3076733.862: sdram: sdram refresh 2081->4162 (2)
3092155.876: sdram: sdram refresh 2081->2081 (3)
3093165.396: sdram: sdram refresh 2081->4162 (2)
3099391.838: sdram: sdram refresh 2081->2081 (3)
3151629.188: sdram: sdram refresh 2081->4162 (2)
3158677.957: sdram: sdram refresh 2081->2081 (3)
3185189.249: sdram: sdram refresh 2081->4162 (2)
3198395.331: sdram: sdram refresh 2081->2081 (3)
3200466.448: sdram: sdram refresh 2081->4162 (2)
3202523.522: sdram: sdram refresh 2081->2081 (3)
2762896.217: sdram: sdram refresh 2081->4162 (2)
2763896.406: sdram: sdram refresh 2081->2081 (3)
2764898.226: sdram: sdram refresh 2081->4162 (2)
2765905.387: sdram: sdram refresh 2081->2081 (3)
2766969.381: sdram: sdram refresh 2081->4162 (2)
2804529.253: sdram: sdram refresh 2081->2081 (3)
2805571.075: sdram: sdram refresh 2081->4162 (2)
3669807.543: sdram: sdram refresh 2081->2081 (3)
3670807.684: sdram: sdram refresh 2081->4162 (2)
3728806.371: sdram: sdram refresh 2081->2081 (3)
3743118.180: sdram: sdram refresh 2081->4162 (2)
3744118.810: sdram: sdram refresh 2081->2081 (3)
3883807.389: sdram: sdram refresh 2081->4162 (2)
3884808.056: sdram: sdram refresh 2081->2081 (3)
3885810.418: sdram: sdram refresh 2081->4162 (2)
3886810.835: sdram: sdram refresh 2081->2081 (3)
3895034.592: sdram: sdram refresh 2081->4162 (2)
3909744.274: sdram: sdram refresh 2081->2081 (3)
3913806.922: sdram: sdram refresh 2081->4162 (2)
3940600.656: sdram: sdram refresh 2081->2081 (3)
3942641.124: sdram: sdram refresh 2081->4162 (2)
3969351.732: sdram: sdram refresh 2081->2081 (3)
3971522.757: sdram: sdram refresh 2081->4162 (2)
3975806.283: sdram: sdram refresh 2081->2081 (3)
3979811.283: sdram: sdram refresh 2081->4162 (2)
3985052.437: sdram: sdram refresh 2081->2081 (3)
3986122.314: sdram: sdram refresh 2081->4162 (2)
4029506.732: sdram: sdram refresh 2081->2081 (3)
4031623.948: sdram: sdram refresh 2081->4162 (2)
4089341.523: sdram: sdram refresh 2081->2081 (3)
4091426.301: sdram: sdram refresh 2081->4162 (2)
4149442.738: sdram: sdram refresh 2081->2081 (3)
4151527.681: sdram: sdram refresh 2081->4162 (2)
4161809.194: sdram: sdram refresh 2081->2081 (3)
4162810.137: sdram: sdram refresh 2081->4162 (2)
4186910.044: sdram: sdram refresh 2081->2081 (3)
4189019.283: sdram: sdram refresh 2081->4162 (2)
4192220.853: sdram: sdram refresh 2081->2081 (3)
4194321.723: sdram: sdram refresh 2081->4162 (2)
4195328.856: sdram: sdram refresh 2081->2081 (3)
4200559.929: sdram: sdram refresh 2081->4162 (2)
4202676.635: sdram: sdram refresh 2081->2081 (3)
4251262.458: sdram: sdram refresh 2081->4162 (2)
4268935.938: sdram: sdram refresh 2081->2081 (3)
4275252.721: sdram: sdram refresh 2081->4162 (2)
034378.664: sdram: sdram refresh 2081->2081 (3)
036556.320: sdram: sdram refresh 2081->4162 (2)
154576.496: sdram: sdram refresh 2081->2081 (3)
155662.269: sdram: sdram refresh 2081->4162 (2)
163840.522: sdram: sdram refresh 2081->2081 (3)
759839.938: sdram: sdram refresh 2081->4162 (2)
760840.156: sdram: sdram refresh 2081->2081 (3)
761840.712: sdram: sdram refresh 2081->4162 (2)
066282.438: sdram: sdram refresh 2081->2081 (3)
067313.629: sdram: sdram refresh 2081->4162 (2)
075687.693: sdram: sdram refresh 2081->2081 (3)
077853.780: sdram: sdram refresh 2081->4162 (2)
084030.471: sdram: sdram refresh 2081->2081 (3)
089327.185: sdram: sdram refresh 2081->4162 (2)
099864.823: sdram: sdram refresh 2081->2081 (3)
100867.602: sdram: sdram refresh 2081->4162 (2)
2359787.903: sdram: sdram refresh 2081->2081 (3)
2360797.422: sdram: sdram refresh 2081->4162 (2)
2479543.113: sdram: sdram refresh 2081->2081 (3)
2480641.972: sdram: sdram refresh 2081->4162 (2)
2539950.413: sdram: sdram refresh 2081->2081 (3)
2540959.924: sdram: sdram refresh 2081->4162 (2)
3079743.780: sdram: sdram refresh 2081->2081 (3)
3080780.542: sdram: sdram refresh 2081->4162 (2)
3139945.197: sdram: sdram refresh 2081->2081 (3)
3140995.986: sdram: sdram refresh 2081->4162 (2)
3200045.908: sdram: sdram refresh 2081->2081 (3)
3201139.018: sdram: sdram refresh 2081->4162 (2)
3379444.472: sdram: sdram refresh 2081->2081 (3)
3380457.020: sdram: sdram refresh 2081->4162 (2)
3439747.014: sdram: sdram refresh 2081->2081 (3)
3440836.119: sdram: sdram refresh 2081->4162 (2)
3500002.070: sdram: sdram refresh 2081->2081 (3)
3501011.572: sdram: sdram refresh 2081->4162 (2)
3619448.298: sdram: sdram refresh 2081->2081 (3)
3620452.659: sdram: sdram refresh 2081->4162 (2)
3679950.836: sdram: sdram refresh 2081->2081 (3)
3682042.907: sdram: sdram refresh 2081->4162 (2)
3799746.479: sdram: sdram refresh 2081->2081 (3)
3800773.612: sdram: sdram refresh 2081->4162 (2)
4159641.024: sdram: sdram refresh 2081->2081 (3)
4160650.540: sdram: sdram refresh 2081->4162 (2)
044979.666: sdram: sdram refresh 2081->2081 (3)
045988.232: sdram: sdram refresh 2081->4162 (2)
164523.818: sdram: sdram refresh 2081->2081 (3)
165533.336: sdram: sdram refresh 2081->4162 (2)
224773.855: sdram: sdram refresh 2081->2081 (3)
225810.400: sdram: sdram refresh 2081->4162 (2)
284874.507: sdram: sdram refresh 2081->2081 (3)
286895.471: sdram: sdram refresh 2081->4162 (2)
319677.893: sdram: sdram refresh 2081->2081 (3)
325793.685: sdram: sdram refresh 2081->4162 (2)
344370.205: sdram: sdram refresh 2081->2081 (3)
349505.270: sdram: sdram refresh 2081->4162 (2)
360874.675: sdram: sdram refresh 2081->2081 (3)
361884.185: sdram: sdram refresh 2081->4162 (2)
404720.111: sdram: sdram refresh 2081->2081 (3)
501890.371: sdram: sdram refresh 2081->4162 (2)
506019.358: sdram: sdram refresh 2081->2081 (3)
521342.400: sdram: sdram refresh 2081->4162 (2)
524369.537: sdram: sdram refresh 2081->2081 (3)
528400.896: sdram: sdram refresh 2081->4162 (2)
537670.077: sdram: sdram refresh 2081->2081 (3)
538679.580: sdram: sdram refresh 2081->4162 (2)
559096.370: sdram: sdram refresh 2081->2081 (3)
579507.689: sdram: sdram refresh 2081->4162 (2)
584671.946: sdram: sdram refresh 2081->2081 (3)
638804.392: sdram: sdram refresh 2081->4162 (2)
639813.901: sdram: sdram refresh 2081->2081 (3)
641844.791: sdram: sdram refresh 2081->4162 (2)
644953.249: sdram: sdram refresh 2081->2081 (3)
754453.154: sdram: sdram refresh 2081->4162 (2)
764652.800: sdram: sdram refresh 2081->2081 (3)
767726.401: sdram: sdram refresh 2081->4162 (2)
769742.405: sdram: sdram refresh 2081->2081 (3)
771859.281: sdram: sdram refresh 2081->4162 (2)
775964.514: sdram: sdram refresh 2081->2081 (3)
780020.118: sdram: sdram refresh 2081->4162 (2)
787178.372: sdram: sdram refresh 2081->2081 (3)
788179.322: sdram: sdram refresh 2081->4162 (2)
789190.340: sdram: sdram refresh 2081->2081 (3)
790200.941: sdram: sdram refresh 2081->4162 (2)
796353.723: sdram: sdram refresh 2081->2081 (3)
894428.684: sdram: sdram refresh 2081->4162 (2)
897548.061: sdram: sdram refresh 2081->2081 (3)
904605.516: sdram: sdram refresh 2081->4162 (2)
908733.532: sdram: sdram refresh 2081->2081 (3)
940298.649: sdram: sdram refresh 2081->4162 (2)
944473.468: sdram: sdram refresh 2081->2081 (3)
404669.531: sdram: sdram refresh 2081->4162 (2)
429179.680: sdram: sdram refresh 2081->2081 (3)
431201.622: sdram: sdram refresh 2081->4162 (2)
447522.429: sdram: sdram refresh 2081->2081 (3)
448531.950: sdram: sdram refresh 2081->4162 (2)
489393.789: sdram: sdram refresh 2081->2081 (3)
492474.537: sdram: sdram refresh 2081->4162 (2)
549691.266: sdram: sdram refresh 2081->2081 (3)
550726.957: sdram: sdram refresh 2081->4162 (2)
609901.918: sdram: sdram refresh 2081->2081 (3)
611912.709: sdram: sdram refresh 2081->4162 (2)
670270.866: sdram: sdram refresh 2081->2081 (3)
671280.385: sdram: sdram refresh 2081->4162 (2)
729392.994: sdram: sdram refresh 2081->2081 (3)
732459.231: sdram: sdram refresh 2081->4162 (2)
789729.694: sdram: sdram refresh 2081->2081 (3)
790739.204: sdram: sdram refresh 2081->4162 (2)
850083.122: sdram: sdram refresh 2081->2081 (3)
851092.627: sdram: sdram refresh 2081->4162 (2)
909489.291: sdram: sdram refresh 2081->2081 (3)
911567.494: sdram: sdram refresh 2081->4162 (2)
969997.221: sdram: sdram refresh 2081->2081 (3)
971085.999: sdram: sdram refresh 2081->4162 (2)
1029488.576: sdram: sdram refresh 2081->2081 (3)
1031512.508: sdram: sdram refresh 2081->4162 (2)
1089668.862: sdram: sdram refresh 2081->2081 (3)
1094811.165: sdram: sdram refresh 2081->4162 (2)
1150047.766: sdram: sdram refresh 2081->2081 (3)
1151057.272: sdram: sdram refresh 2081->4162 (2)
1209177.182: sdram: sdram refresh 2081->2081 (3)
1211254.412: sdram: sdram refresh 2081->4162 (2)
1269588.523: sdram: sdram refresh 2081->2081 (3)
1270598.036: sdram: sdram refresh 2081->4162 (2)
1329869.678: sdram: sdram refresh 2081->2081 (3)
1330879.194: sdram: sdram refresh 2081->4162 (2)
1450295.239: sdram: sdram refresh 2081->2081 (3)
1451318.702: sdram: sdram refresh 2081->4162 (2)
1509485.407: sdram: sdram refresh 2081->2081 (3)
1511591.919: sdram: sdram refresh 2081->4162 (2)
1569854.029: sdram: sdram refresh 2081->2081 (3)
1570938.752: sdram: sdram refresh 2081->4162 (2)
1630004.631: sdram: sdram refresh 2081->2081 (3)
1631039.725: sdram: sdram refresh 2081->4162 (2)
1689385.221: sdram: sdram refresh 2081->2081 (3)
1692432.167: sdram: sdram refresh 2081->4162 (2)
1749485.659: sdram: sdram refresh 2081->2081 (3)
1752605.398: sdram: sdram refresh 2081->4162 (2)
1775089.159: sdram: sdram refresh 2081->2081 (3)
1797611.921: sdram: sdram refresh 2081->4162 (2)
1809854.497: sdram: sdram refresh 2081->2081 (3)
1837473.903: sdram: sdram refresh 2081->4162 (2)
1838484.420: sdram: sdram refresh 2081->2081 (3)
1852794.081: sdram: sdram refresh 2081->4162 (2)
1869174.924: sdram: sdram refresh 2081->2081 (3)
1885656.047: sdram: sdram refresh 2081->4162 (2)
1886662.862: sdram: sdram refresh 2081->2081 (3)
1980604.573: sdram: sdram refresh 2081->4162 (2)
1981611.086: sdram: sdram refresh 2081->2081 (3)
1982654.064: sdram: sdram refresh 2081->4162 (2)
1989779.924: sdram: sdram refresh 2081->2081 (3)
1548852.996: sdram: sdram refresh 2081->4162 (2)
1565274.526: sdram: sdram refresh 2081->2081 (3)
1566304.317: sdram: sdram refresh 2081->4162 (2)
3527008.672: sdram: sdram refresh 2081->2081 (3)
3528018.189: sdram: sdram refresh 2081->4162 (2)
3533152.556: sdram: sdram refresh 2081->2081 (3)
3867994.883: sdram: sdram refresh 2081->4162 (2)
3100235.645: sdram: sdram refresh 2081->2081 (3)
3101325.791: sdram: sdram refresh 2081->4162 (2)
547646.836: sdram: sdram refresh 2081->2081 (3)
548647.082: sdram: sdram refresh 2081->4162 (2)
550648.315: sdram: sdram refresh 2081->2081 (3)
2327145.597: sdram: sdram refresh 2081->4162 (2)
2339878.425: sdram: sdram refresh 2081->2081 (3)
2341976.488: sdram: sdram refresh 2081->4162 (2)
2354581.955: sdram: sdram refresh 2081->2081 (3)
2356770.826: sdram: sdram refresh 2081->4162 (2)
2400184.626: sdram: sdram refresh 2081->2081 (3)
2401250.604: sdram: sdram refresh 2081->4162 (2)
2460371.551: sdram: sdram refresh 2081->2081 (3)
2461372.634: sdram: sdram refresh 2081->4162 (2)
2474164.422: sdram: sdram refresh 2081->2081 (3)
2475172.677: sdram: sdram refresh 2081->4162 (2)
2520574.278: sdram: sdram refresh 2081->2081 (3)
2523782.959: sdram: sdram refresh 2081->4162 (2)
2526883.807: sdram: sdram refresh 2081->2081 (3)
2533286.154: sdram: sdram refresh 2081->4162 (2)
2543687.809: sdram: sdram refresh 2081->2081 (3)
2567788.666: sdram: sdram refresh 2081->4162 (2)
2579669.830: sdram: sdram refresh 2081->2081 (3)
2617483.803: sdram: sdram refresh 2081->4162 (2)
2640573.358: sdram: sdram refresh 2081->2081 (3)
2642687.801: sdram: sdram refresh 2081->4162 (2)
2700682.237: sdram: sdram refresh 2081->2081 (3)
2701772.379: sdram: sdram refresh 2081->4162 (2)
2760575.456: sdram: sdram refresh 2081->2081 (3)
2761585.059: sdram: sdram refresh 2081->4162 (2)
2766883.712: sdram: sdram refresh 2081->2081 (3)
2767982.884: sdram: sdram refresh 2081->4162 (2)
2785982.855: sdram: sdram refresh 2081->2081 (3)
2787082.474: sdram: sdram refresh 2081->4162 (2)
2788173.756: sdram: sdram refresh 2081->2081 (3)
2789179.020: sdram: sdram refresh 2081->4162 (2)
2791282.025: sdram: sdram refresh 2081->2081 (3)
2793384.538: sdram: sdram refresh 2081->4162 (2)
2820675.216: sdram: sdram refresh 2081->2081 (3)
2821773.002: sdram: sdram refresh 2081->4162 (2)
2879773.318: sdram: sdram refresh 2081->2081 (3)
2881847.774: sdram: sdram refresh 2081->4162 (2)
2940681.875: sdram: sdram refresh 2081->2081 (3)
2941772.297: sdram: sdram refresh 2081->4162 (2)
2954184.355: sdram: sdram refresh 2081->2081 (3)
2955284.911: sdram: sdram refresh 2081->4162 (2)
3000682.138: sdram: sdram refresh 2081->2081 (3)
3001772.288: sdram: sdram refresh 2081->4162 (2)
3060387.315: sdram: sdram refresh 2081->2081 (3)
3061483.916: sdram: sdram refresh 2081->4162 (2)
3073982.436: sdram: sdram refresh 2081->2081 (3)
3075081.564: sdram: sdram refresh 2081->4162 (2)
3120681.736: sdram: sdram refresh 2081->2081 (3)
3121772.537: sdram: sdram refresh 2081->4162 (2)
3180182.262: sdram: sdram refresh 2081->2081 (3)
3182372.370: sdram: sdram refresh 2081->4162 (2)
3193888.984: sdram: sdram refresh 2081->2081 (3)
3194971.986: sdram: sdram refresh 2081->4162 (2)
3240194.921: sdram: sdram refresh 2081->2081 (3)
3241285.309: sdram: sdram refresh 2081->4162 (2)
1555884.296: sdram: sdram refresh 2081->2081 (3)
1556893.807: sdram: sdram refresh 2081->4162 (2)
1560046.047: sdram: sdram refresh 2081->2081 (3)
1595797.319: sdram: sdram refresh 2081->4162 (2)
1627454.083: sdram: sdram refresh 2081->2081 (3)
4266823.573: sdram: sdram refresh 2081->4162 (2)
3220722.941: sdram: sdram refresh 2081->2081 (3)

dmesg log
---------

[    0.000000] Booting Linux on physical CPU 0x0000000000 [0x414fd0b1]
[    0.000000] Linux version 6.12.47+rpt-rpi-2712 (serge@raspberrypi.com) (aarch64-linux-gnu-gcc-12 (Debian 12.2.0-14+deb12u1) 12.2.0, GNU ld (GNU Binutils for Debian) 2.40) #1 SMP PREEMPT Debian 1:6.12.47-1+rpt1~bookworm (2025-09-16)
[    0.000000] KASLR enabled
[    0.000000] random: crng init done
[    0.000000] Machine model: Raspberry Pi 5 Model B Rev 1.0
[    0.000000] efi: UEFI not found.
[    0.000000] Reserved memory: created CMA memory pool at 0x000000003a000000, size 64 MiB
[    0.000000] OF: reserved mem: initialized node linux,cma, compatible id shared-dma-pool
[    0.000000] OF: reserved mem: 0x000000003a000000..0x000000003dffffff (65536 KiB) map reusable linux,cma
[    0.000000] OF: reserved mem: 0x0000000000000000..0x000000000007ffff (512 KiB) nomap non-reusable atf@0
[    0.000000] OF: reserved mem: 0x000000003fd165e0..0x000000003fd16617 (0 KiB) nomap non-reusable nvram@0
[    0.000000] NUMA: Faking a node at [mem 0x0000000000000000-0x00000000ffffffff]
[    0.000000] Faking node 0 at [mem 0x0000000000000000-0x000000001fffffff] (512MB)
[    0.000000] Faking node 1 at [mem 0x0000000020000000-0x000000003fffffff] (512MB)
[    0.000000] Faking node 2 at [mem 0x0000000040000000-0x000000005fffffff] (512MB)
[    0.000000] Faking node 3 at [mem 0x0000000060000000-0x000000007fffffff] (512MB)
[    0.000000] Faking node 4 at [mem 0x0000000080000000-0x000000009fffffff] (512MB)
[    0.000000] Faking node 5 at [mem 0x00000000a0000000-0x00000000bfffffff] (512MB)
[    0.000000] Faking node 6 at [mem 0x00000000c0000000-0x00000000dfffffff] (512MB)
[    0.000000] Faking node 7 at [mem 0x00000000e0000000-0x00000000ffffffff] (512MB)
[    0.000000] NUMA: Initialized distance table, cnt=8
[    0.000000] NODE_DATA(0) allocated [mem 0x1fffd200-0x1fffffff]
[    0.000000] NODE_DATA(1) allocated [mem 0x3f7fd200-0x3f7fffff]
[    0.000000] NODE_DATA(2) allocated [mem 0x5fffd200-0x5fffffff]
[    0.000000] NODE_DATA(3) allocated [mem 0x7fffd200-0x7fffffff]
[    0.000000] NODE_DATA(4) allocated [mem 0x9fffd200-0x9fffffff]
[    0.000000] NODE_DATA(5) allocated [mem 0xbfffd200-0xbfffffff]
[    0.000000] NODE_DATA(6) allocated [mem 0xdfffd200-0xdfffffff]
[    0.000000] NODE_DATA(7) allocated [mem 0xffd99200-0xffd9bfff]
[    0.000000] Zone ranges:
[    0.000000]   DMA      [mem 0x0000000000000000-0x00000000ffffffff]
[    0.000000]   DMA32    empty
[    0.000000]   Normal   empty
[    0.000000] Movable zone start for each node
[    0.000000] Early memory node ranges
[    0.000000]   node   0: [mem 0x0000000000000000-0x000000000007ffff]
[    0.000000]   node   0: [mem 0x0000000000080000-0x000000001fffffff]
[    0.000000]   node   1: [mem 0x0000000020000000-0x000000003f7fffff]
[    0.000000]   node   2: [mem 0x0000000040000000-0x000000005fffffff]
[    0.000000]   node   3: [mem 0x0000000060000000-0x000000007fffffff]
[    0.000000]   node   4: [mem 0x0000000080000000-0x000000009fffffff]
[    0.000000]   node   5: [mem 0x00000000a0000000-0x00000000bfffffff]
[    0.000000]   node   6: [mem 0x00000000c0000000-0x00000000dfffffff]
[    0.000000]   node   7: [mem 0x00000000e0000000-0x00000000ffffffff]
[    0.000000] Initmem setup node 0 [mem 0x0000000000000000-0x000000001fffffff]
[    0.000000] Initmem setup node 1 [mem 0x0000000020000000-0x000000003f7fffff]
[    0.000000] Initmem setup node 2 [mem 0x0000000040000000-0x000000005fffffff]
[    0.000000] Initmem setup node 3 [mem 0x0000000060000000-0x000000007fffffff]
[    0.000000] Initmem setup node 4 [mem 0x0000000080000000-0x000000009fffffff]
[    0.000000] Initmem setup node 5 [mem 0x00000000a0000000-0x00000000bfffffff]
[    0.000000] Initmem setup node 6 [mem 0x00000000c0000000-0x00000000dfffffff]
[    0.000000] Initmem setup node 7 [mem 0x00000000e0000000-0x00000000ffffffff]
[    0.000000] On node 2, zone DMA: 512 pages in unavailable ranges
[    0.000000] psci: probing for conduit method from DT.
[    0.000000] psci: PSCIv1.1 detected in firmware.
[    0.000000] psci: Using standard PSCI v0.2 function IDs
[    0.000000] psci: MIGRATE_INFO_TYPE not supported.
[    0.000000] psci: SMC Calling Convention v1.2
[    0.000000] percpu: Embedded 15 pages/cpu s193496 r8192 d44072 u245760
[    0.000000] pcpu-alloc: s193496 r8192 d44072 u245760 alloc=15*16384
[    0.000000] pcpu-alloc: [0] 0 [0] 1 [0] 2 [0] 3 
[    0.000000] Detected PIPT I-cache on CPU0
[    0.000000] CPU features: detected: Virtualization Host Extensions
[    0.000000] CPU features: detected: Spectre-v4
[    0.000000] CPU features: detected: Spectre-BHB
[    0.000000] CPU features: kernel page table isolation forced ON by KASLR
[    0.000000] CPU features: detected: Kernel page table isolation (KPTI)
[    0.000000] CPU features: detected: SSBS not fully self-synchronizing
[    0.000000] alternatives: applying boot alternatives
[    0.000000] Kernel command line: reboot=w coherent_pool=1M 8250.nr_uarts=1 pci=pcie_bus_safe cgroup_disable=memory numa_policy=interleave nvme.max_host_mem_size_mb=0  numa=fake=8 system_heap.max_order=0 smsc95xx.macaddr=m.m.m.m vc_mem.mem_base=0x3fc00000 vc_mem.mem_size=0x40000000  console=ttyAMA10,115200 console=tty1 root=PARTUUID=fc510914-02 rootfstype=ext4 fsck.repair=yes rootwait quiet splash plymouth.ignore-serial-consoles cfg80211.ieee80211_regdom=BE
[    0.000000] cgroup: Disabling memory control group subsystem
[    0.000000] mempolicy: NUMA default policy overridden to 'interleave:0-7'
[    0.000000] Unknown kernel command line parameters "splash", will be passed to user space.
[    0.000000] Fallback order for Node 0: 0 1 2 3 4 5 6 7 
[    0.000000] Fallback order for Node 1: 1 2 3 4 5 6 7 0 
[    0.000000] Fallback order for Node 2: 2 3 4 5 6 7 0 1 
[    0.000000] Fallback order for Node 3: 3 4 5 6 7 0 1 2 
[    0.000000] Fallback order for Node 4: 4 5 6 7 0 1 2 3 
[    0.000000] Fallback order for Node 5: 5 6 7 0 1 2 3 4 
[    0.000000] Fallback order for Node 6: 6 7 0 1 2 3 4 5 
[    0.000000] Fallback order for Node 7: 7 0 1 2 3 4 5 6 
[    0.000000] Built 8 zonelists, mobility grouping on.  Total pages: 261632
[    0.000000] Policy zone: DMA
[    0.000000] mem auto-init: stack:all(zero), heap alloc:off, heap free:off
[    0.000000] SLUB: HWalign=64, Order=0-3, MinObjects=0, CPUs=4, Nodes=8
[    0.000000] ftrace: allocating 45292 entries in 45 pages
[    0.000000] ftrace: allocated 45 pages with 4 groups
[    0.000000] rcu: Preemptible hierarchical RCU implementation.
[    0.000000] rcu: 	RCU event tracing is enabled.
[    0.000000] 	Trampoline variant of Tasks RCU enabled.
[    0.000000] 	Rude variant of Tasks RCU enabled.
[    0.000000] 	Tracing variant of Tasks RCU enabled.
[    0.000000] rcu: RCU calculated value of scheduler-enlistment delay is 25 jiffies.
[    0.000000] RCU Tasks: Setting shift to 2 and lim to 1 rcu_task_cb_adjust=1 rcu_task_cpu_ids=4.
[    0.000000] RCU Tasks Rude: Setting shift to 2 and lim to 1 rcu_task_cb_adjust=1 rcu_task_cpu_ids=4.
[    0.000000] RCU Tasks Trace: Setting shift to 2 and lim to 1 rcu_task_cb_adjust=1 rcu_task_cpu_ids=4.
[    0.000000] NR_IRQS: 64, nr_irqs: 64, preallocated irqs: 0
[    0.000000] Root IRQ handler: gic_handle_irq
[    0.000000] GIC: Using split EOI/Deactivate mode
[    0.000000] rcu: srcu_init: Setting srcu_struct sizes based on contention.
[    0.000000] arch_timer: cp15 timer(s) running at 54.00MHz (phys).
[    0.000000] clocksource: arch_sys_counter: mask: 0xffffffffffffff max_cycles: 0xc743ce346, max_idle_ns: 440795203123 ns
[    0.000000] sched_clock: 56 bits at 54MHz, resolution 18ns, wraps every 4398046511102ns
[    0.000090] Console: colour dummy device 80x25
[    0.000094] printk: legacy console [tty1] enabled
[    0.000166] Calibrating delay loop (skipped), value calculated using timer frequency.. 108.00 BogoMIPS (lpj=216000)
[    0.000170] pid_max: default: 32768 minimum: 301
[    0.000263] LSM: initializing lsm=capability
[    0.001060] Dentry cache hash table entries: 524288 (order: 8, 4194304 bytes, vmalloc)
[    0.001448] Inode-cache hash table entries: 262144 (order: 7, 2097152 bytes, vmalloc)
[    0.001484] Mount-cache hash table entries: 8192 (order: 2, 65536 bytes, vmalloc)
[    0.001496] Mountpoint-cache hash table entries: 8192 (order: 2, 65536 bytes, vmalloc)
[    0.002225] rcu: Hierarchical SRCU implementation.
[    0.002230] rcu: 	Max phase no-delay instances is 1000.
[    0.002270] Timer migration: 1 hierarchy levels; 8 children per group; 0 crossnode level
[    0.002591] EFI services will not be available.
[    0.002648] smp: Bringing up secondary CPUs ...
[    0.002842] Detected PIPT I-cache on CPU1
[    0.002879] CPU1: Booted secondary processor 0x0000000100 [0x414fd0b1]
[    0.003107] Detected PIPT I-cache on CPU2
[    0.003133] CPU2: Booted secondary processor 0x0000000200 [0x414fd0b1]
[    0.003321] Detected PIPT I-cache on CPU3
[    0.003340] CPU3: Booted secondary processor 0x0000000300 [0x414fd0b1]
[    0.003371] smp: Brought up 8 nodes, 4 CPUs
[    0.003376] SMP: Total of 4 processors activated.
[    0.003377] CPU: All CPU(s) started at EL2
[    0.003380] CPU features: detected: 32-bit EL0 Support
[    0.003382] CPU features: detected: Data cache clean to the PoU not required for I/D coherence
[    0.003384] CPU features: detected: Common not Private translations
[    0.003385] CPU features: detected: CRC32 instructions
[    0.003388] CPU features: detected: RCpc load-acquire (LDAPR)
[    0.003389] CPU features: detected: LSE atomic instructions
[    0.003390] CPU features: detected: Privileged Access Never
[    0.003391] CPU features: detected: RAS Extension Support
[    0.003393] CPU features: detected: Speculative Store Bypassing Safe (SSBS)
[    0.003420] alternatives: applying system-wide alternatives
[    0.004968] CPU features: detected: Hardware dirty bit management on CPU0-3
[    0.005148] Memory: 4030992K/4186112K available (14208K kernel code, 2418K rwdata, 4944K rodata, 5696K init, 647K bss, 66448K reserved, 65536K cma-reserved)
[    0.005305] devtmpfs: initialized
[    0.007172] Enabled cp15_barrier support
[    0.007177] Enabled setend support
[    0.007224] clocksource: jiffies: mask: 0xffffffff max_cycles: 0xffffffff, max_idle_ns: 7645041785100000 ns
[    0.007230] futex hash table entries: 1024 (order: 2, 65536 bytes, vmalloc)
[    0.007347] 2G module region forced by RANDOMIZE_MODULE_REGION_FULL
[    0.007349] 0 pages in range for non-PLT usage
[    0.007350] 129304 pages in range for PLT usage
[    0.007431] pinctrl core: initialized pinctrl subsystem
[    0.007547] DMI not present or invalid.
[    0.010970] NET: Registered PF_NETLINK/PF_ROUTE protocol family
[    0.011301] DMA: preallocated 1024 KiB GFP_KERNEL pool for atomic allocations
[    0.011330] DMA: preallocated 1024 KiB GFP_KERNEL|GFP_DMA pool for atomic allocations
[    0.011368] DMA: preallocated 1024 KiB GFP_KERNEL|GFP_DMA32 pool for atomic allocations
[    0.011382] audit: initializing netlink subsys (disabled)
[    0.011431] audit: type=2000 audit(0.008:1): state=initialized audit_enabled=0 res=1
[    0.011541] thermal_sys: Registered thermal governor 'step_wise'
[    0.011549] cpuidle: using governor menu
[    0.011608] hw-breakpoint: found 6 breakpoint and 4 watchpoint registers.
[    0.011629] ASID allocator initialised with 32768 entries
[    0.011848] Serial: AMBA PL011 UART driver
[    0.012570] /soc@107c000000/interrupt-controller@7fff9000: Fixed dependency cycle(s) with /soc@107c000000/interrupt-controller@7fff9000
[    0.012722] bcm2835-mbox 107c013880.mailbox: mailbox enabled
[    0.012848] 107d001000.serial: ttyAMA10 at MMIO 0x107d001000 (irq = 16, base_baud = 0) is a PL011 rev3
[    0.012856] printk: legacy console [ttyAMA10] enabled
[    0.020983] raspberrypi-firmware soc@107c000000:firmware: Attached to firmware from 2025-05-08T14:13:17, variant start_cd
[    0.024983] raspberrypi-firmware soc@107c000000:firmware: Firmware hash is 6947117700000000000000000000000000000000
[    0.033474] bcm2835-dma 1000010000.dma: DMA legacy API manager, dmachans=0x1
[    0.033725] iommu: Default domain type: Translated
[    0.033727] iommu: DMA domain TLB invalidation policy: strict mode
[    0.035207] SCSI subsystem initialized
[    0.035237] usbcore: registered new interface driver usbfs
[    0.035243] usbcore: registered new interface driver hub
[    0.035250] usbcore: registered new device driver usb
[    0.035317] pps_core: LinuxPPS API ver. 1 registered
[    0.035319] pps_core: Software ver. 5.3.6 - Copyright 2005-2007 Rodolfo Giometti <giometti@linux.it>
[    0.035322] PTP clock support registered
[    0.035579] vgaarb: loaded
[    0.035666] clocksource: Switched to clocksource arch_sys_counter
[    0.035796] VFS: Disk quotas dquot_6.6.0
[    0.035804] VFS: Dquot-cache hash table entries: 2048 (order 0, 16384 bytes)
[    0.040201] NET: Registered PF_INET protocol family
[    0.040333] IP idents hash table entries: 65536 (order: 5, 524288 bytes, vmalloc)
[    0.041202] tcp_listen_portaddr_hash hash table entries: 2048 (order: 1, 32768 bytes, vmalloc)
[    0.041223] Table-perturb hash table entries: 65536 (order: 4, 262144 bytes, vmalloc)
[    0.041228] TCP established hash table entries: 32768 (order: 4, 262144 bytes, vmalloc)
[    0.041344] TCP bind hash table entries: 32768 (order: 6, 1048576 bytes, vmalloc)
[    0.041689] TCP: Hash tables configured (established 32768 bind 32768)
[    0.041778] MPTCP token hash table entries: 4096 (order: 2, 98304 bytes, vmalloc)
[    0.041807] UDP hash table entries: 2048 (order: 2, 65536 bytes, vmalloc)
[    0.041842] UDP-Lite hash table entries: 2048 (order: 2, 65536 bytes, vmalloc)
[    0.041910] NET: Registered PF_UNIX/PF_LOCAL protocol family
[    0.042040] RPC: Registered named UNIX socket transport module.
[    0.042042] RPC: Registered udp transport module.
[    0.042043] RPC: Registered tcp transport module.
[    0.042044] RPC: Registered tcp-with-tls transport module.
[    0.042045] RPC: Registered tcp NFSv4.1 backchannel transport module.
[    0.042049] PCI: CLS 0 bytes, default 64
[    0.042165] Trying to unpack rootfs image as initramfs...
[    0.048810] kvm [1]: nv: 554 coarse grained trap handlers
[    0.048929] kvm [1]: IPA Size Limit: 40 bits
[    0.048947] kvm [1]: GICV region size/alignment is unsafe, using trapping (reduced performance)
[    0.048986] kvm [1]: vgic interrupt IRQ9
[    0.048999] kvm [1]: VHE mode initialized successfully
[    0.199534] Freeing initrd memory: 17632K
[    0.241332] Initialise system trusted keyrings
[    0.241691] workingset: timestamp_bits=42 max_order=18 bucket_order=0
[    0.242029] NFS: Registering the id_resolver key type
[    0.242035] Key type id_resolver registered
[    0.242036] Key type id_legacy registered
[    0.242046] nfs4filelayout_init: NFSv4 File Layout Driver Registering...
[    0.242048] nfs4flexfilelayout_init: NFSv4 Flexfile Layout Driver Registering...
[    0.242223] Key type asymmetric registered
[    0.242225] Asymmetric key parser 'x509' registered
[    0.242248] Block layer SCSI generic (bsg) driver version 0.4 loaded (major 247)
[    0.242279] io scheduler mq-deadline registered
[    0.242281] io scheduler kyber registered
[    0.242296] io scheduler bfq registered
[    0.242616] irq_brcmstb_l2: registered L2 intc (/soc@107c000000/interrupt-controller@7d510600, parent irq: 27)
[    0.242648] irq_brcmstb_l2: registered L2 intc (/soc@107c000000/interrupt-controller@7c502000, parent irq: 28)
[    0.242677] irq_brcmstb_l2: registered L2 intc (/soc@107c000000/intc@7d508380, parent irq: 29)
[    0.242710] irq_brcmstb_l2: registered L2 intc (/soc@107c000000/intc@7d508400, parent irq: 30)
[    0.242737] irq_brcmstb_l2: registered L2 intc (/soc@107c000000/intc@7d503000, parent irq: 31)
[    0.243635] ledtrig-cpu: registered to indicate activity on CPUs
[    0.244111] simple-framebuffer 3f800000.framebuffer: framebuffer at 0x3f800000, 0x3f4800 bytes
[    0.244114] simple-framebuffer 3f800000.framebuffer: format=r5g6b5, mode=1920x1080x16, linelength=3840
[    0.244249] Console: switching to colour frame buffer device 240x67
[    0.245390] simple-framebuffer 3f800000.framebuffer: fb0: simplefb registered!
[    0.274977] Serial: 8250/16550 driver, 1 ports, IRQ sharing enabled
[    0.275260] 107d50c000.serial: ttyS0 at MMIO 0x107d50c000 (irq = 33, base_baud = 6000000) is a Broadcom BCM7271 UART
[    0.275300] serial serial0: tty port ttyS0 registered
[    0.275540] iproc-rng200 107d208000.rng: hwrng registered
[    0.275568] vc-mem: phys_addr:0x00000000 mem_base=0x3fc00000 mem_size:0x40000000(1024 MiB)
[    0.275758] bcm2712-iommu-cache 1000005b00.iommuc: bcm2712_iommu_cache_probe
[    0.277036] brd: module loaded
[    0.277887] loop: module loaded
[    0.277984] bcm2835-power bcm2835-power: Broadcom BCM2835 power domains driver
[    0.278085] Loading iSCSI transport class v2.0-870.
[    0.278748] usbcore: registered new interface driver lan78xx
[    0.278755] usbcore: registered new interface driver smsc95xx
[    0.278797] dwc_otg: version 3.00a 10-AUG-2012 (platform bus)
[    0.278813] dwc_otg: FIQ enabled
[    0.278815] dwc_otg: NAK holdoff enabled
[    0.278816] dwc_otg: FIQ split-transaction FSM enabled
[    0.278817] Module dwc_common_port init
[    0.278994] usbcore: registered new interface driver uas
[    0.279002] usbcore: registered new interface driver usb-storage
[    0.279061] mousedev: PS/2 mouse device common for all mice
[    0.286603] rpi-rtc soc@107c000000:rpi_rtc: registered as rtc0
[    0.287987] rpi-rtc soc@107c000000:rpi_rtc: setting system clock to 2026-04-29T13:15:18 UTC (1777468518)
[    0.288275] bcm2835-wdt bcm2835-wdt: Poweroff handler already present!
[    0.288277] bcm2835-wdt bcm2835-wdt: Broadcom BCM2835 watchdog timer
[    0.290268] sdhci: Secure Digital Host Controller Interface driver
[    0.290270] sdhci: Copyright(c) Pierre Ossman
[    0.290296] sdhci-pltfm: SDHCI platform and OF driver helper
[    0.290353] SMCCC: SOC_ID: ARCH_SOC_ID not implemented, skipping ....
[    0.290361] hid: raw HID events driver (C) Jiri Kosina
[    0.290378] usbcore: registered new interface driver usbhid
[    0.290379] usbhid: USB HID core driver
[    0.290643] hw perfevents: enabled with armv8_cortex_a76 PMU driver, 7 (0,8000003f) counters available
[    0.290852] NET: Registered PF_PACKET protocol family
[    0.290874] Key type dns_resolver registered
[    0.294279] registered taskstats version 1
[    0.294345] Loading compiled-in X.509 certificates
[    0.295765] Demotion targets for Node 0: null
[    0.295767] Demotion targets for Node 1: null
[    0.295768] Demotion targets for Node 2: null
[    0.295769] Demotion targets for Node 3: null
[    0.295770] Demotion targets for Node 4: null
[    0.295771] Demotion targets for Node 5: null
[    0.295772] Demotion targets for Node 6: null
[    0.295773] Demotion targets for Node 7: null
[    0.295921] Key type .fscrypt registered
[    0.295922] Key type fscrypt-provisioning registered
[    0.296767] brcm-pcie 1000120000.pcie: host bridge /axi/pcie@1000120000 ranges:
[    0.296771] brcm-pcie 1000120000.pcie:   No bus range found for /axi/pcie@1000120000, using [bus 00-ff]
[    0.296779] brcm-pcie 1000120000.pcie:      MEM 0x1f00000000..0x1ffffffffb -> 0x0000000000
[    0.296783] brcm-pcie 1000120000.pcie:      MEM 0x1c00000000..0x1effffffff -> 0x0400000000
[    0.296789] brcm-pcie 1000120000.pcie:   IB MEM 0x1f00000000..0x1f003fffff -> 0x0000000000
[    0.296793] brcm-pcie 1000120000.pcie:   IB MEM 0x0000000000..0x0fffffffff -> 0x1000000000
[    0.296797] brcm-pcie 1000120000.pcie:   IB MEM 0x1000130000..0x1000130fff -> 0xfffffff000
[    0.298128] brcm-pcie 1000120000.pcie: PCI host bridge to bus 0002:00
[    0.298131] pci_bus 0002:00: root bus resource [bus 00-ff]
[    0.298134] pci_bus 0002:00: root bus resource [mem 0x1f00000000-0x1ffffffffb] (bus address [0x00000000-0xfffffffb])
[    0.298136] pci_bus 0002:00: root bus resource [mem 0x1c00000000-0x1effffffff pref] (bus address [0x400000000-0x6ffffffff])
[    0.298148] pci 0002:00:00.0: [14e4:2712] type 01 class 0x060400 PCIe Root Port
[    0.298154] pci 0002:00:00.0: PCI bridge to [bus 00]
[    0.298157] pci 0002:00:00.0:   bridge window [mem 0x1f80000000-0x1fbfffffff]
[    0.298173] pci 0002:00:00.0: PME# supported from D0 D3hot
[    0.298689] pci 0002:00:00.0: bridge configuration invalid ([bus 00-00]), reconfiguring
[    0.399668] brcm-pcie 1000120000.pcie: clkreq-mode set to default
[    0.399670] brcm-pcie 1000120000.pcie: link up, 5.0 GT/s PCIe x4 (!SSC)
[    0.399693] pci 0002:01:00.0: [1de4:0001] type 00 class 0x020000 PCIe Endpoint
